Archive member included because of file (symbol)

/Users/Nate/Library/Application Support/Pebble SDK/SDKs/current/sdk-core/pebble/basalt/lib/libpebble.a(tmp52OHy8pebble.o)
                              src/main.c.16.o (app_event_loop)

Allocating common symbols
Common symbol       size              file

time_srt_pi         0x4               src/demo_screens.c.16.o
cur_app_key         0x1               src/modules/comm.c.16.o
pinteract_ctx_lcl   0x4               src/pinteract/pinteract_11.c.16.o
num_entries         0x4               src/modules/comm.c.16.o
ROW_HEIGHT          0x2               src/demo_screens.c.16.o
health_events_sent  0x1               src/modules/comm.c.16.o

Discarded input sections

 .text          0x0000000000000000        0x0 /usr/local/Cellar/pebble-toolchain/2.0/arm-cs-tools/bin/../lib/gcc/arm-none-eabi/4.7.2/thumb2/crti.o
 .bss           0x0000000000000000        0x0 /usr/local/Cellar/pebble-toolchain/2.0/arm-cs-tools/bin/../lib/gcc/arm-none-eabi/4.7.2/thumb2/crti.o
 .init          0x0000000000000000        0x4 /usr/local/Cellar/pebble-toolchain/2.0/arm-cs-tools/bin/../lib/gcc/arm-none-eabi/4.7.2/thumb2/crti.o
 .fini          0x0000000000000000        0x4 /usr/local/Cellar/pebble-toolchain/2.0/arm-cs-tools/bin/../lib/gcc/arm-none-eabi/4.7.2/thumb2/crti.o
 .text          0x0000000000000000       0xc8 /usr/local/Cellar/pebble-toolchain/2.0/arm-cs-tools/bin/../lib/gcc/arm-none-eabi/4.7.2/thumb2/crtbegin.o
 .bss           0x0000000000000000       0x1c /usr/local/Cellar/pebble-toolchain/2.0/arm-cs-tools/bin/../lib/gcc/arm-none-eabi/4.7.2/thumb2/crtbegin.o
 .init_array    0x0000000000000000        0x4 /usr/local/Cellar/pebble-toolchain/2.0/arm-cs-tools/bin/../lib/gcc/arm-none-eabi/4.7.2/thumb2/crtbegin.o
 .fini_array    0x0000000000000000        0x4 /usr/local/Cellar/pebble-toolchain/2.0/arm-cs-tools/bin/../lib/gcc/arm-none-eabi/4.7.2/thumb2/crtbegin.o
 .eh_frame      0x0000000000000000        0x0 /usr/local/Cellar/pebble-toolchain/2.0/arm-cs-tools/bin/../lib/gcc/arm-none-eabi/4.7.2/thumb2/crtbegin.o
 .jcr           0x0000000000000000        0x0 /usr/local/Cellar/pebble-toolchain/2.0/arm-cs-tools/bin/../lib/gcc/arm-none-eabi/4.7.2/thumb2/crtbegin.o
 .tm_clone_table
                0x0000000000000000        0x0 /usr/local/Cellar/pebble-toolchain/2.0/arm-cs-tools/bin/../lib/gcc/arm-none-eabi/4.7.2/thumb2/crtbegin.o
 .text          0x0000000000000000        0x0 src/config_all/config_schedule.c.16.o
 .bss           0x0000000000000000        0x0 src/config_all/config_schedule.c.16.o
 .text          0x0000000000000000        0x0 src/demo_screens.c.16.o
 .bss           0x0000000000000000        0x0 src/demo_screens.c.16.o
 .text          0x0000000000000000        0x0 src/main.c.16.o
 .bss           0x0000000000000000        0x0 src/main.c.16.o
 .text          0x0000000000000000        0x0 src/modules/comm.c.16.o
 .bss           0x0000000000000000        0x0 src/modules/comm.c.16.o
 .text.comm_begin_upload_no_window
                0x0000000000000000       0x5c src/modules/comm.c.16.o
 .text          0x0000000000000000        0x0 src/modules/data.c.16.o
 .bss           0x0000000000000000        0x0 src/modules/data.c.16.o
 .text.data_to_send_acti
                0x0000000000000000       0x1e src/modules/data.c.16.o
 .text.get_next_pinteract_element_key
                0x0000000000000000        0x6 src/modules/data.c.16.o
 .text.get_pinteract_code_of_pinteract_element
                0x0000000000000000       0x10 src/modules/data.c.16.o
 .text          0x0000000000000000        0x0 src/modules/helper.c.16.o
 .bss           0x0000000000000000        0x0 src/modules/helper.c.16.o
 .text.init_persistent_storage
                0x0000000000000000        0x2 src/modules/helper.c.16.o
 .text.reset_pinteract_persistent_storage
                0x0000000000000000        0x2 src/modules/helper.c.16.o
 .text.worker_start_fore_app_reason_exec
                0x0000000000000000        0x2 src/modules/helper.c.16.o
 .text.fore_app_master_tick_timer_handler
                0x0000000000000000        0x2 src/modules/helper.c.16.o
 .text.fore_app_master_tick_timer_service_clock_subscribe
                0x0000000000000000       0x68 src/modules/helper.c.16.o
 .text.fore_app_master_tick_timer_service_clock_unsubscribe
                0x0000000000000000       0x3c src/modules/helper.c.16.o
 .text.fore_app_master_tick_timer_service_aux_subscribe
                0x0000000000000000       0x68 src/modules/helper.c.16.o
 .text.fore_app_master_tick_timer_service_aux_unsubscribe
                0x0000000000000000       0x3c src/modules/helper.c.16.o
 .text.pow_int  0x0000000000000000       0x20 src/modules/helper.c.16.o
 .text.isqrt    0x0000000000000000       0x2a src/modules/helper.c.16.o
 .text.read_time_from_array_head
                0x0000000000000000       0x16 src/modules/helper.c.16.o
 .text.today_ms
                0x0000000000000000       0x22 src/modules/helper.c.16.o
 .text.today_s_to_time_t
[...]
Memory Configuration

Name             Origin             Length             Attributes
APP              0x0000000000000000 0x0000000000010000 xrw
*default*        0x0000000000000000 0xffffffffffffffff

Linker script and memory map

LOAD /usr/local/Cellar/pebble-toolchain/2.0/arm-cs-tools/bin/../lib/gcc/arm-none-eabi/4.7.2/thumb2/crti.o
LOAD /usr/local/Cellar/pebble-toolchain/2.0/arm-cs-tools/bin/../lib/gcc/arm-none-eabi/4.7.2/thumb2/crtbegin.o
LOAD src/config_all/config_schedule.c.16.o
LOAD src/demo_screens.c.16.o
LOAD src/main.c.16.o
LOAD src/modules/comm.c.16.o
LOAD src/modules/data.c.16.o
LOAD src/modules/helper.c.16.o
LOAD src/pinteract/pinteract_11.c.16.o
LOAD src/pinteract/pinteract_141.c.16.o
LOAD src/pinteract/pinteract_142.c.16.o
LOAD src/pinteract/pinteract_driver.c.16.o
LOAD src/pinteract/pinteract_priv_scrn.c.16.o
LOAD basalt/appinfo.auto.c.16.o
LOAD /Users/Nate/Library/Application Support/Pebble SDK/SDKs/current/sdk-core/pebble/basalt/lib/libpebble.a
START GROUP
LOAD /usr/local/Cellar/pebble-toolchain/2.0/arm-cs-tools/bin/../lib/gcc/arm-none-eabi/4.7.2/thumb2/libgcc.a
LOAD /usr/local/Cellar/pebble-toolchain/2.0/arm-cs-tools/bin/../lib/gcc/arm-none-eabi/4.7.2/../../../../arm-none-eabi/lib/thumb2/libc.a
END GROUP
LOAD /usr/local/Cellar/pebble-toolchain/2.0/arm-cs-tools/bin/../lib/gcc/arm-none-eabi/4.7.2/thumb2/crtend.o
LOAD /usr/local/Cellar/pebble-toolchain/2.0/arm-cs-tools/bin/../lib/gcc/arm-none-eabi/4.7.2/thumb2/crtn.o

.header         0x0000000000000000       0x82
 *(.pbl_header)
 .pbl_header    0x0000000000000000       0x82 basalt/appinfo.auto.c.16.o
                0x0000000000000000                __pbl_app_info

.note.gnu.build-id
                0x0000000000000082       0x26
                0x0000000000000082                PROVIDE (BUILD_ID, .)
 *(.note.gnu.build-id)
 *fill*         0x0000000000000082        0x2 
 .note.gnu.build-id
                0x0000000000000084       0x24 linker stubs

.text           0x00000000000000a8     0x1d54
 *(.text)
 .text          0x00000000000000a8       0x14 /Users/Nate/Library/Application Support/Pebble SDK/SDKs/current/sdk-core/pebble/basalt/lib/libpebble.a(tmp52OHy8pebble.o)
 *(.text.*)
 .text.zero_out_wakeup_config_ary
                0x00000000000000bc       0x14 src/config_all/config_schedule.c.16.o
 .text.write_to_config_wakeup_persistant_storage
                0x00000000000000d0       0x28 src/config_all/config_schedule.c.16.o
                0x00000000000000d0                write_to_config_wakeup_persistant_storage
 .text.read_config_wakeup_index_persistant_storage
                0x00000000000000f8       0x34 src/config_all/config_schedule.c.16.o
                0x00000000000000f8                read_config_wakeup_index_persistant_storage
 .text.pinteract_code_from_config_wakeup_index
                0x000000000000012c       0x12 src/config_all/config_schedule.c.16.o
                0x000000000000012c                pinteract_code_from_config_wakeup_index
 .text.reset_config_wakeup_schedule
                0x000000000000013e       0x28 src/config_all/config_schedule.c.16.o
                0x000000000000013e                reset_config_wakeup_schedule
 .text.read_wakeup_id_at_config_wakeup_index
                0x0000000000000166       0x2c src/config_all/config_schedule.c.16.o
                0x0000000000000166                read_wakeup_id_at_config_wakeup_index
 .text.write_wakeup_id_at_config_wakeup_index
                0x0000000000000192       0x36 src/config_all/config_schedule.c.16.o
                0x0000000000000192                write_wakeup_id_at_config_wakeup_index
 .text.reschedule_config_wakeup_index
                0x00000000000001c8       0x60 src/config_all/config_schedule.c.16.o
                0x00000000000001c8                reschedule_config_wakeup_index
 .text.config_wakeup_schedule
                0x0000000000000228      0x114 src/config_all/config_schedule.c.16.o
                0x0000000000000228                config_wakeup_schedule
 .text.get_num_rows_cb
                0x000000000000033c        0x4 src/demo_screens.c.16.o
 .text.get_cell_height_cb
                0x0000000000000340       0x14 src/demo_screens.c.16.o
 .text.window_unload
                0x0000000000000354       0x24 src/demo_screens.c.16.o
 .text.window_load
                0x0000000000000378      0x178 src/demo_screens.c.16.o
 .text.select_click_cb
                0x00000000000004f0       0x24 src/demo_screens.c.16.o
 .text.draw_row_cb
                0x0000000000000514       0x5c src/demo_screens.c.16.o
 .text.demo_screens_open
                0x0000000000000570       0x5c src/demo_screens.c.16.o
                0x0000000000000570                demo_screens_open
 .text.startup.main
                0x00000000000005cc       0xe0 src/main.c.16.o
                0x00000000000005cc                main
 .text.select_click_handler
                0x00000000000006ac        0x2 src/modules/comm.c.16.o
 .text.back_click_handler
                0x00000000000006ae        0x2 src/modules/comm.c.16.o
 .text.up_click_handler
                0x00000000000006b0        0x2 src/modules/comm.c.16.o
 .text.down_click_handler
                0x00000000000006b2        0x2 src/modules/comm.c.16.o
 .text.close_transmit_window
                0x00000000000006b4       0x10 src/modules/comm.c.16.o
 .text.click_config_provider
                0x00000000000006c4       0x40 src/modules/comm.c.16.o
 .text.transmit_phone_window_unload
                0x0000000000000704       0x34 src/modules/comm.c.16.o
 .text.countdown_timer_handler
                0x0000000000000738       0x70 src/modules/comm.c.16.o
 .text.transmit_phone_window_load
                0x00000000000007a8      0x120 src/modules/comm.c.16.o
 .text.send_app_message_full.constprop.2
                0x00000000000008c8       0x80 src/modules/comm.c.16.o
 .text.send_data_item
                0x0000000000000948      0x1b4 src/modules/comm.c.16.o
 .text.send_data_router
                0x0000000000000afc       0x48 src/modules/comm.c.16.o
 .text.outbox_sent_handler
                0x0000000000000b44       0x70 src/modules/comm.c.16.o
 .text.inbox_received_handler
                0x0000000000000bb4       0x4c src/modules/comm.c.16.o
 .text.outbox_dropped_handler
                0x0000000000000c00       0x84 src/modules/comm.c.16.o
 .text.comm_begin_upload
                0x0000000000000c84       0xb4 src/modules/comm.c.16.o
                0x0000000000000c84                comm_begin_upload
 .text.data_to_send_pinteract
                0x0000000000000d38       0x12 src/modules/data.c.16.o
                0x0000000000000d38                data_to_send_pinteract
 .text.get_data_size_of_pinteract_element
                0x0000000000000d4a       0x10 src/modules/data.c.16.o
                0x0000000000000d4a                get_data_size_of_pinteract_element
 .text.reset_config_wakeup_persistent_storage
                0x0000000000000d5a       0x46 src/modules/helper.c.16.o
                0x0000000000000d5a                reset_config_wakeup_persistent_storage
 .text.wakeup_main_response_handler
                0x0000000000000da0       0x5c src/modules/helper.c.16.o
                0x0000000000000da0                wakeup_main_response_handler
 .text.rand_lw_up_bounds
                0x0000000000000dfc       0x22 src/modules/helper.c.16.o
                0x0000000000000dfc                rand_lw_up_bounds
 .text.write_time_to_array_head
                0x0000000000000e1e       0x10 src/modules/helper.c.16.o
                0x0000000000000e1e                write_time_to_array_head
 .text.today_srt_time_t_today_s
                0x0000000000000e2e       0x3c src/modules/helper.c.16.o
                0x0000000000000e2e                today_srt_time_t_today_s
 .text.get_num_rows_cb
                0x0000000000000e6a        0x4 src/pinteract/pinteract_11.c.16.o
 *fill*         0x0000000000000e6e        0x2 
 .text.get_cell_height_cb
                0x0000000000000e70       0x14 src/pinteract/pinteract_11.c.16.o
 .text.window_unload
                0x0000000000000e84       0x24 src/pinteract/pinteract_11.c.16.o
 .text.window_load
                0x0000000000000ea8      0x178 src/pinteract/pinteract_11.c.16.o
 .text.select_click_cb
                0x0000000000001020       0x74 src/pinteract/pinteract_11.c.16.o
 .text.draw_row_cb
                0x0000000000001094       0x5c src/pinteract/pinteract_11.c.16.o
 .text.pinteract_11
                0x00000000000010f0       0x7c src/pinteract/pinteract_11.c.16.o
                0x00000000000010f0                pinteract_11
 .text.pinteract_driver
                0x000000000000116c        0xc src/pinteract/pinteract_driver.c.16.o
                0x000000000000116c                pinteract_driver
 .text.back_click_handler
                0x0000000000001178        0x2 src/pinteract/pinteract_priv_scrn.c.16.o
 *fill*         0x000000000000117a        0x2 
 .text.click_config_provider
                0x000000000000117c       0x40 src/pinteract/pinteract_priv_scrn.c.16.o
 .text.close_priv_scrn_window
                0x00000000000011bc       0x10 src/pinteract/pinteract_priv_scrn.c.16.o
 .text.down_click_handler
                0x00000000000011cc       0x2e src/pinteract/pinteract_priv_scrn.c.16.o
 .text.up_click_handler
                0x00000000000011fa       0x2c src/pinteract/pinteract_priv_scrn.c.16.o
 *fill*         0x0000000000001226        0x2 
 .text.select_click_handler
                0x0000000000001228       0x24 src/pinteract/pinteract_priv_scrn.c.16.o
 .text.main_window_unload
                0x000000000000124c       0x6c src/pinteract/pinteract_priv_scrn.c.16.o
 .text.tick_handler
                0x00000000000012b8       0x54 src/pinteract/pinteract_priv_scrn.c.16.o
 .text.main_window_load
                0x000000000000130c      0x28c src/pinteract/pinteract_priv_scrn.c.16.o
 .text.pinteract_priv_scrn
                0x0000000000001598       0x94 src/pinteract/pinteract_priv_scrn.c.16.o
                0x0000000000001598                pinteract_priv_scrn
 .text.app_event_loop
                0x000000000000162c        0xc /Users/Nate/Library/Application Support/Pebble SDK/SDKs/current/sdk-core/pebble/basalt/lib/libpebble.a(tmp52OHy8pebble.o)
                0x000000000000162c                app_event_loop
 .text.app_log  0x0000000000001638        0xc /Users/Nate/Library/Application Support/Pebble SDK/SDKs/current/sdk-core/pebble/basalt/lib/libpebble.a(tmp52OHy8pebble.o)
                0x0000000000001638                app_log
 .text.app_message_deregister_callbacks
                0x0000000000001644        0xc /Users/Nate/Library/Application Support/Pebble SDK/SDKs/current/sdk-core/pebble/basalt/lib/libpebble.a(tmp52OHy8pebble.o)
                0x0000000000001644                app_message_deregister_callbacks
 .text.app_message_open
                0x0000000000001650        0xc /Users/Nate/Library/Application Support/Pebble SDK/SDKs/current/sdk-core/pebble/basalt/lib/libpebble.a(tmp52OHy8pebble.o)
                0x0000000000001650                app_message_open
 .text.app_timer_cancel
                0x000000000000165c        0xc /Users/Nate/Library/Application Support/Pebble SDK/SDKs/current/sdk-core/pebble/basalt/lib/libpebble.a(tmp52OHy8pebble.o)
                0x000000000000165c                app_timer_cancel
 .text.app_timer_register
                0x0000000000001668        0xc /Users/Nate/Library/Application Support/Pebble SDK/SDKs/current/sdk-core/pebble/basalt/lib/libpebble.a(tmp52OHy8pebble.o)
                0x0000000000001668                app_timer_register
 .text.bitmap_layer_create
                0x0000000000001674        0xc /Users/Nate/Library/Application Support/Pebble SDK/SDKs/current/sdk-core/pebble/basalt/lib/libpebble.a(tmp52OHy8pebble.o)
                0x0000000000001674                bitmap_layer_create
 .text.bitmap_layer_destroy
                0x0000000000001680        0xc /Users/Nate/Library/Application Support/Pebble SDK/SDKs/current/sdk-core/pebble/basalt/lib/libpebble.a(tmp52OHy8pebble.o)
                0x0000000000001680                bitmap_layer_destroy
 .text.bitmap_layer_get_layer
                0x000000000000168c        0xc /Users/Nate/Library/Application Support/Pebble SDK/SDKs/current/sdk-core/pebble/basalt/lib/libpebble.a(tmp52OHy8pebble.o)
                0x000000000000168c                bitmap_layer_get_layer
 .text.bitmap_layer_set_bitmap
                0x0000000000001698        0xc /Users/Nate/Library/Application Support/Pebble SDK/SDKs/current/sdk-core/pebble/basalt/lib/libpebble.a(tmp52OHy8pebble.o)
                0x0000000000001698                bitmap_layer_set_bitmap
 .text.bluetooth_connection_service_peek
                0x00000000000016a4        0xc /Users/Nate/Library/Application Support/Pebble SDK/SDKs/current/sdk-core/pebble/basalt/lib/libpebble.a(tmp52OHy8pebble.o)
                0x00000000000016a4                bluetooth_connection_service_peek
 .text.clock_copy_time_string
                0x00000000000016b0        0xc /Users/Nate/Library/Application Support/Pebble SDK/SDKs/current/sdk-core/pebble/basalt/lib/libpebble.a(tmp52OHy8pebble.o)
                0x00000000000016b0                clock_copy_time_string
 .text.dict_find
                0x00000000000016bc        0xc /Users/Nate/Library/Application Support/Pebble SDK/SDKs/current/sdk-core/pebble/basalt/lib/libpebble.a(tmp52OHy8pebble.o)
                0x00000000000016bc                dict_find
 .text.dict_write_data
                0x00000000000016c8        0xc /Users/Nate/Library/Application Support/Pebble SDK/SDKs/current/sdk-core/pebble/basalt/lib/libpebble.a(tmp52OHy8pebble.o)
                0x00000000000016c8                dict_write_data
 .text.dict_write_end
                0x00000000000016d4        0xc /Users/Nate/Library/Application Support/Pebble SDK/SDKs/current/sdk-core/pebble/basalt/lib/libpebble.a(tmp52OHy8pebble.o)
                0x00000000000016d4                dict_write_end
 .text.fonts_get_system_font
                0x00000000000016e0        0xc /Users/Nate/Library/Application Support/Pebble SDK/SDKs/current/sdk-core/pebble/basalt/lib/libpebble.a(tmp52OHy8pebble.o)
                0x00000000000016e0                fonts_get_system_font
 .text.free     0x00000000000016ec        0xc /Users/Nate/Library/Application Support/Pebble SDK/SDKs/current/sdk-core/pebble/basalt/lib/libpebble.a(tmp52OHy8pebble.o)
                0x00000000000016ec                free
 .text.gbitmap_create_with_resource
                0x00000000000016f8        0xc /Users/Nate/Library/Application Support/Pebble SDK/SDKs/current/sdk-core/pebble/basalt/lib/libpebble.a(tmp52OHy8pebble.o)
                0x00000000000016f8                gbitmap_create_with_resource
 .text.gbitmap_destroy
                0x0000000000001704        0xc /Users/Nate/Library/Application Support/Pebble SDK/SDKs/current/sdk-core/pebble/basalt/lib/libpebble.a(tmp52OHy8pebble.o)
                0x0000000000001704                gbitmap_destroy
 .text.layer_add_child
                0x0000000000001710        0xc /Users/Nate/Library/Application Support/Pebble SDK/SDKs/current/sdk-core/pebble/basalt/lib/libpebble.a(tmp52OHy8pebble.o)
                0x0000000000001710                layer_add_child
 .text.layer_get_bounds
                0x000000000000171c        0xc /Users/Nate/Library/Application Support/Pebble SDK/SDKs/current/sdk-core/pebble/basalt/lib/libpebble.a(tmp52OHy8pebble.o)
                0x000000000000171c                layer_get_bounds
 .text.malloc   0x0000000000001728        0xc /Users/Nate/Library/Application Support/Pebble SDK/SDKs/current/sdk-core/pebble/basalt/lib/libpebble.a(tmp52OHy8pebble.o)
                0x0000000000001728                malloc
 .text.memcpy   0x0000000000001734        0xc /Users/Nate/Library/Application Support/Pebble SDK/SDKs/current/sdk-core/pebble/basalt/lib/libpebble.a(tmp52OHy8pebble.o)
                0x0000000000001734                memcpy
 .text.memset   0x0000000000001740        0xc /Users/Nate/Library/Application Support/Pebble SDK/SDKs/current/sdk-core/pebble/basalt/lib/libpebble.a(tmp52OHy8pebble.o)
                0x0000000000001740                memset
 .text.menu_cell_basic_draw
                0x000000000000174c        0xc /Users/Nate/Library/Application Support/Pebble SDK/SDKs/current/sdk-core/pebble/basalt/lib/libpebble.a(tmp52OHy8pebble.o)
                0x000000000000174c                menu_cell_basic_draw
 .text.menu_layer_destroy
                0x0000000000001758        0xc /Users/Nate/Library/Application Support/Pebble SDK/SDKs/current/sdk-core/pebble/basalt/lib/libpebble.a(tmp52OHy8pebble.o)
                0x0000000000001758                menu_layer_destroy
 .text.menu_layer_get_layer
                0x0000000000001764        0xc /Users/Nate/Library/Application Support/Pebble SDK/SDKs/current/sdk-core/pebble/basalt/lib/libpebble.a(tmp52OHy8pebble.o)
                0x0000000000001764                menu_layer_get_layer
 .text.menu_layer_set_click_config_onto_window
                0x0000000000001770        0xc /Users/Nate/Library/Application Support/Pebble SDK/SDKs/current/sdk-core/pebble/basalt/lib/libpebble.a(tmp52OHy8pebble.o)
                0x0000000000001770                menu_layer_set_click_config_onto_window
 .text.menu_layer_set_selected_index
                0x000000000000177c        0xc /Users/Nate/Library/Application Support/Pebble SDK/SDKs/current/sdk-core/pebble/basalt/lib/libpebble.a(tmp52OHy8pebble.o)
                0x000000000000177c                menu_layer_set_selected_index
 .text.persist_delete
                0x0000000000001788        0xc /Users/Nate/Library/Application Support/Pebble SDK/SDKs/current/sdk-core/pebble/basalt/lib/libpebble.a(tmp52OHy8pebble.o)
                0x0000000000001788                persist_delete
 .text.persist_exists
                0x0000000000001794        0xc /Users/Nate/Library/Application Support/Pebble SDK/SDKs/current/sdk-core/pebble/basalt/lib/libpebble.a(tmp52OHy8pebble.o)
                0x0000000000001794                persist_exists
 .text.persist_read_int
                0x00000000000017a0        0xc /Users/Nate/Library/Application Support/Pebble SDK/SDKs/current/sdk-core/pebble/basalt/lib/libpebble.a(tmp52OHy8pebble.o)
                0x00000000000017a0                persist_read_int
 .text.persist_write_int
                0x00000000000017ac        0xc /Users/Nate/Library/Application Support/Pebble SDK/SDKs/current/sdk-core/pebble/basalt/lib/libpebble.a(tmp52OHy8pebble.o)
                0x00000000000017ac                persist_write_int
 .text.rand     0x00000000000017b8        0xc /Users/Nate/Library/Application Support/Pebble SDK/SDKs/current/sdk-core/pebble/basalt/lib/libpebble.a(tmp52OHy8pebble.o)
                0x00000000000017b8                rand
 .text.snprintf
                0x00000000000017c4        0xc /Users/Nate/Library/Application Support/Pebble SDK/SDKs/current/sdk-core/pebble/basalt/lib/libpebble.a(tmp52OHy8pebble.o)
                0x00000000000017c4                snprintf
 .text.srand    0x00000000000017d0        0xc /Users/Nate/Library/Application Support/Pebble SDK/SDKs/current/sdk-core/pebble/basalt/lib/libpebble.a(tmp52OHy8pebble.o)
                0x00000000000017d0                srand
 .text.tick_timer_service_subscribe
                0x00000000000017dc        0xc /Users/Nate/Library/Application Support/Pebble SDK/SDKs/current/sdk-core/pebble/basalt/lib/libpebble.a(tmp52OHy8pebble.o)
                0x00000000000017dc                tick_timer_service_subscribe
 .text.tick_timer_service_unsubscribe
                0x00000000000017e8        0xc /Users/Nate/Library/Application Support/Pebble SDK/SDKs/current/sdk-core/pebble/basalt/lib/libpebble.a(tmp52OHy8pebble.o)
                0x00000000000017e8                tick_timer_service_unsubscribe
 .text.vibes_enqueue_custom_pattern
                0x00000000000017f4        0xc /Users/Nate/Library/Application Support/Pebble SDK/SDKs/current/sdk-core/pebble/basalt/lib/libpebble.a(tmp52OHy8pebble.o)
                0x00000000000017f4                vibes_enqueue_custom_pattern
 .text.window_create
                0x0000000000001800        0xc /Users/Nate/Library/Application Support/Pebble SDK/SDKs/current/sdk-core/pebble/basalt/lib/libpebble.a(tmp52OHy8pebble.o)
                0x0000000000001800                window_create
 .text.window_get_root_layer
                0x000000000000180c        0xc /Users/Nate/Library/Application Support/Pebble SDK/SDKs/current/sdk-core/pebble/basalt/lib/libpebble.a(tmp52OHy8pebble.o)
                0x000000000000180c                window_get_root_layer
 .text.window_set_click_config_provider
                0x0000000000001818        0xc /Users/Nate/Library/Application Support/Pebble SDK/SDKs/current/sdk-core/pebble/basalt/lib/libpebble.a(tmp52OHy8pebble.o)
                0x0000000000001818                window_set_click_config_provider
 .text.window_set_window_handlers
                0x0000000000001824        0xc /Users/Nate/Library/Application Support/Pebble SDK/SDKs/current/sdk-core/pebble/basalt/lib/libpebble.a(tmp52OHy8pebble.o)
                0x0000000000001824                window_set_window_handlers
 .text.window_stack_push
                0x0000000000001830        0xc /Users/Nate/Library/Application Support/Pebble SDK/SDKs/current/sdk-core/pebble/basalt/lib/libpebble.a(tmp52OHy8pebble.o)
                0x0000000000001830                window_stack_push
 .text.window_stack_remove
                0x000000000000183c        0xc /Users/Nate/Library/Application Support/Pebble SDK/SDKs/current/sdk-core/pebble/basalt/lib/libpebble.a(tmp52OHy8pebble.o)
                0x000000000000183c                window_stack_remove
 .text.app_message_outbox_begin
                0x0000000000001848        0xc /Users/Nate/Library/Application Support/Pebble SDK/SDKs/current/sdk-core/pebble/basalt/lib/libpebble.a(tmp52OHy8pebble.o)
                0x0000000000001848                app_message_outbox_begin
 .text.app_message_outbox_send
                0x0000000000001854        0xc /Users/Nate/Library/Application Support/Pebble SDK/SDKs/current/sdk-core/pebble/basalt/lib/libpebble.a(tmp52OHy8pebble.o)
                0x0000000000001854                app_message_outbox_send
 .text.app_message_register_inbox_received
                0x0000000000001860        0xc /Users/Nate/Library/Application Support/Pebble SDK/SDKs/current/sdk-core/pebble/basalt/lib/libpebble.a(tmp52OHy8pebble.o)
                0x0000000000001860                app_message_register_inbox_received
 .text.app_message_register_outbox_failed
                0x000000000000186c        0xc /Users/Nate/Library/Application Support/Pebble SDK/SDKs/current/sdk-core/pebble/basalt/lib/libpebble.a(tmp52OHy8pebble.o)
                0x000000000000186c                app_message_register_outbox_failed
 .text.app_message_register_outbox_sent
                0x0000000000001878        0xc /Users/Nate/Library/Application Support/Pebble SDK/SDKs/current/sdk-core/pebble/basalt/lib/libpebble.a(tmp52OHy8pebble.o)
                0x0000000000001878                app_message_register_outbox_sent
 .text.window_single_click_subscribe
                0x0000000000001884        0xc /Users/Nate/Library/Application Support/Pebble SDK/SDKs/current/sdk-core/pebble/basalt/lib/libpebble.a(tmp52OHy8pebble.o)
                0x0000000000001884                window_single_click_subscribe
 .text.persist_read_data
                0x0000000000001890        0xc /Users/Nate/Library/Application Support/Pebble SDK/SDKs/current/sdk-core/pebble/basalt/lib/libpebble.a(tmp52OHy8pebble.o)
                0x0000000000001890                persist_read_data
 .text.persist_write_data
                0x000000000000189c        0xc /Users/Nate/Library/Application Support/Pebble SDK/SDKs/current/sdk-core/pebble/basalt/lib/libpebble.a(tmp52OHy8pebble.o)
                0x000000000000189c                persist_write_data
 .text.heap_bytes_free
                0x00000000000018a8        0xc /Users/Nate/Library/Application Support/Pebble SDK/SDKs/current/sdk-core/pebble/basalt/lib/libpebble.a(tmp52OHy8pebble.o)
                0x00000000000018a8                heap_bytes_free
 .text.heap_bytes_used
                0x00000000000018b4        0xc /Users/Nate/Library/Application Support/Pebble SDK/SDKs/current/sdk-core/pebble/basalt/lib/libpebble.a(tmp52OHy8pebble.o)
                0x00000000000018b4                heap_bytes_used
 .text.launch_reason
                0x00000000000018c0        0xc /Users/Nate/Library/Application Support/Pebble SDK/SDKs/current/sdk-core/pebble/basalt/lib/libpebble.a(tmp52OHy8pebble.o)
                0x00000000000018c0                launch_reason
 .text.wakeup_cancel
                0x00000000000018cc        0xc /Users/Nate/Library/Application Support/Pebble SDK/SDKs/current/sdk-core/pebble/basalt/lib/libpebble.a(tmp52OHy8pebble.o)
                0x00000000000018cc                wakeup_cancel
 .text.wakeup_cancel_all
                0x00000000000018d8        0xc /Users/Nate/Library/Application Support/Pebble SDK/SDKs/current/sdk-core/pebble/basalt/lib/libpebble.a(tmp52OHy8pebble.o)
                0x00000000000018d8                wakeup_cancel_all
 .text.wakeup_get_launch_event
                0x00000000000018e4        0xc /Users/Nate/Library/Application Support/Pebble SDK/SDKs/current/sdk-core/pebble/basalt/lib/libpebble.a(tmp52OHy8pebble.o)
                0x00000000000018e4                wakeup_get_launch_event
 .text.wakeup_query
                0x00000000000018f0        0xc /Users/Nate/Library/Application Support/Pebble SDK/SDKs/current/sdk-core/pebble/basalt/lib/libpebble.a(tmp52OHy8pebble.o)
                0x00000000000018f0                wakeup_query
 .text.wakeup_schedule
                0x00000000000018fc        0xc /Users/Nate/Library/Application Support/Pebble SDK/SDKs/current/sdk-core/pebble/basalt/lib/libpebble.a(tmp52OHy8pebble.o)
                0x00000000000018fc                wakeup_schedule
 .text.wakeup_service_subscribe
                0x0000000000001908        0xc /Users/Nate/Library/Application Support/Pebble SDK/SDKs/current/sdk-core/pebble/basalt/lib/libpebble.a(tmp52OHy8pebble.o)
                0x0000000000001908                wakeup_service_subscribe
 .text.window_set_background_color
                0x0000000000001914        0xc /Users/Nate/Library/Application Support/Pebble SDK/SDKs/current/sdk-core/pebble/basalt/lib/libpebble.a(tmp52OHy8pebble.o)
                0x0000000000001914                window_set_background_color
 .text.localtime
                0x0000000000001920        0xc /Users/Nate/Library/Application Support/Pebble SDK/SDKs/current/sdk-core/pebble/basalt/lib/libpebble.a(tmp52OHy8pebble.o)
                0x0000000000001920                localtime
 .text.menu_layer_create
                0x000000000000192c        0xc /Users/Nate/Library/Application Support/Pebble SDK/SDKs/current/sdk-core/pebble/basalt/lib/libpebble.a(tmp52OHy8pebble.o)
                0x000000000000192c                menu_layer_create
 .text.text_layer_create
                0x0000000000001938        0xc /Users/Nate/Library/Application Support/Pebble SDK/SDKs/current/sdk-core/pebble/basalt/lib/libpebble.a(tmp52OHy8pebble.o)
                0x0000000000001938                text_layer_create
 .text.text_layer_destroy
                0x0000000000001944        0xc /Users/Nate/Library/Application Support/Pebble SDK/SDKs/current/sdk-core/pebble/basalt/lib/libpebble.a(tmp52OHy8pebble.o)
                0x0000000000001944                text_layer_destroy
 .text.text_layer_get_layer
                0x0000000000001950        0xc /Users/Nate/Library/Application Support/Pebble SDK/SDKs/current/sdk-core/pebble/basalt/lib/libpebble.a(tmp52OHy8pebble.o)
                0x0000000000001950                text_layer_get_layer
 .text.text_layer_set_background_color
                0x000000000000195c        0xc /Users/Nate/Library/Application Support/Pebble SDK/SDKs/current/sdk-core/pebble/basalt/lib/libpebble.a(tmp52OHy8pebble.o)
                0x000000000000195c                text_layer_set_background_color
 .text.text_layer_set_font
                0x0000000000001968        0xc /Users/Nate/Library/Application Support/Pebble SDK/SDKs/current/sdk-core/pebble/basalt/lib/libpebble.a(tmp52OHy8pebble.o)
                0x0000000000001968                text_layer_set_font
 .text.text_layer_set_text
                0x0000000000001974        0xc /Users/Nate/Library/Application Support/Pebble SDK/SDKs/current/sdk-core/pebble/basalt/lib/libpebble.a(tmp52OHy8pebble.o)
                0x0000000000001974                text_layer_set_text
 .text.text_layer_set_text_alignment
                0x0000000000001980        0xc /Users/Nate/Library/Application Support/Pebble SDK/SDKs/current/sdk-core/pebble/basalt/lib/libpebble.a(tmp52OHy8pebble.o)
                0x0000000000001980                text_layer_set_text_alignment
 .text.text_layer_set_text_color
                0x000000000000198c        0xc /Users/Nate/Library/Application Support/Pebble SDK/SDKs/current/sdk-core/pebble/basalt/lib/libpebble.a(tmp52OHy8pebble.o)
                0x000000000000198c                text_layer_set_text_color
 .text.time     0x0000000000001998        0xc /Users/Nate/Library/Application Support/Pebble SDK/SDKs/current/sdk-core/pebble/basalt/lib/libpebble.a(tmp52OHy8pebble.o)
                0x0000000000001998                time
 .text.menu_layer_set_callbacks
                0x00000000000019a4        0xc /Users/Nate/Library/Application Support/Pebble SDK/SDKs/current/sdk-core/pebble/basalt/lib/libpebble.a(tmp52OHy8pebble.o)
                0x00000000000019a4                menu_layer_set_callbacks
 .text.connection_service_peek_pebble_app_connection
                0x00000000000019b0        0xc /Users/Nate/Library/Application Support/Pebble SDK/SDKs/current/sdk-core/pebble/basalt/lib/libpebble.a(tmp52OHy8pebble.o)
                0x00000000000019b0                connection_service_peek_pebble_app_connection
 .text.health_service_get_minute_history
                0x00000000000019bc        0xc /Users/Nate/Library/Application Support/Pebble SDK/SDKs/current/sdk-core/pebble/basalt/lib/libpebble.a(tmp52OHy8pebble.o)
                0x00000000000019bc                health_service_get_minute_history
 *(.rodata)
 .rodata        0x00000000000019c8        0x8 src/modules/comm.c.16.o
 .rodata        0x00000000000019d0       0x18 src/pinteract/pinteract_priv_scrn.c.16.o
 *(.rodata*)
 .rodata.str1.1
                0x00000000000019e8       0xb6 src/config_all/config_schedule.c.16.o
 .rodata.str1.1
                0x0000000000001a9e       0x5d src/demo_screens.c.16.o
                                         0x7a (size before relaxing)
 .rodata.str1.1
                0x0000000000001afb       0x79 src/main.c.16.o
 .rodata.str1.1
                0x0000000000001b74      0x13a src/modules/comm.c.16.o
                                        0x13d (size before relaxing)
 *fill*         0x0000000000001cae        0x2 
 .rodata.pinteract_vibe_seg
                0x0000000000001cb0       0x1c src/modules/helper.c.16.o
 .rodata.str1.1
                0x0000000000001ccc       0x79 src/modules/helper.c.16.o
 .rodata.str1.1
                0x0000000000001d45       0x29 src/pinteract/pinteract_11.c.16.o
                                         0x76 (size before relaxing)
 .rodata.str1.1
                0x0000000000001d6e       0x72 src/pinteract/pinteract_priv_scrn.c.16.o
                                         0x8d (size before relaxing)
 .rodata.pinteract_vibe_seg
                0x0000000000001de0       0x1c src/pinteract/pinteract_priv_scrn.c.16.o

.glue_7         0x0000000000001dfc        0x0
 .glue_7        0x0000000000000000        0x0 linker stubs

.glue_7t        0x0000000000001dfc        0x0
 .glue_7t       0x0000000000000000        0x0 linker stubs

.vfp11_veneer   0x0000000000001dfc        0x0
 .vfp11_veneer  0x0000000000000000        0x0 linker stubs

.v4_bx          0x0000000000001dfc        0x0
 .v4_bx         0x0000000000000000        0x0 linker stubs

.iplt           0x0000000000001dfc        0x0
 .iplt          0x0000000000000000        0x0 /usr/local/Cellar/pebble-toolchain/2.0/arm-cs-tools/bin/../lib/gcc/arm-none-eabi/4.7.2/thumb2/crtbegin.o

.rel.dyn        0x0000000000001dfc        0x0
 .rel.iplt      0x0000000000000000        0x0 /usr/local/Cellar/pebble-toolchain/2.0/arm-cs-tools/bin/../lib/gcc/arm-none-eabi/4.7.2/thumb2/crtbegin.o
 .rel.got       0x0000000000000000        0x0 /usr/local/Cellar/pebble-toolchain/2.0/arm-cs-tools/bin/../lib/gcc/arm-none-eabi/4.7.2/thumb2/crtbegin.o

.data           0x0000000000001dfc       0x18
 *(.data)
 .data          0x0000000000001dfc        0x0 /usr/local/Cellar/pebble-toolchain/2.0/arm-cs-tools/bin/../lib/gcc/arm-none-eabi/4.7.2/thumb2/crti.o
 .data          0x0000000000001dfc        0x4 /usr/local/Cellar/pebble-toolchain/2.0/arm-cs-tools/bin/../lib/gcc/arm-none-eabi/4.7.2/thumb2/crtbegin.o
                0x0000000000001dfc                __dso_handle
 .data          0x0000000000001e00        0x0 src/config_all/config_schedule.c.16.o
 .data          0x0000000000001e00        0x0 src/demo_screens.c.16.o
 .data          0x0000000000001e00        0x0 src/main.c.16.o
 .data          0x0000000000001e00        0x0 src/modules/comm.c.16.o
 .data          0x0000000000001e00        0x0 src/modules/data.c.16.o
 .data          0x0000000000001e00        0x0 src/modules/helper.c.16.o
 .data          0x0000000000001e00        0x0 src/pinteract/pinteract_11.c.16.o
 .data          0x0000000000001e00        0x0 src/pinteract/pinteract_141.c.16.o
 .data          0x0000000000001e00        0x0 src/pinteract/pinteract_142.c.16.o
 .data          0x0000000000001e00        0x0 src/pinteract/pinteract_driver.c.16.o
 .data          0x0000000000001e00        0x0 src/pinteract/pinteract_priv_scrn.c.16.o
 .data          0x0000000000001e00        0x0 basalt/appinfo.auto.c.16.o
 .data          0x0000000000001e00        0x0 /Users/Nate/Library/Application Support/Pebble SDK/SDKs/current/sdk-core/pebble/basalt/lib/libpebble.a(tmp52OHy8pebble.o)
 .data          0x0000000000001e00        0x0 /usr/local/Cellar/pebble-toolchain/2.0/arm-cs-tools/bin/../lib/gcc/arm-none-eabi/4.7.2/thumb2/crtend.o
 .data          0x0000000000001e00        0x0 /usr/local/Cellar/pebble-toolchain/2.0/arm-cs-tools/bin/../lib/gcc/arm-none-eabi/4.7.2/thumb2/crtn.o
 *(.data.*)
 .data.s_tr_buf.7571
                0x0000000000001e00        0x4 src/modules/comm.c.16.o
 .data.rel.ro.local.pinteract_vibe_pat
                0x0000000000001e04        0x8 src/modules/helper.c.16.o
 .data.rel.ro.local.pinteract_vibe_pat
                0x0000000000001e0c        0x8 src/pinteract/pinteract_priv_scrn.c.16.o

.igot.plt       0x0000000000001e14        0x0
 .igot.plt      0x0000000000000000        0x0 /usr/local/Cellar/pebble-toolchain/2.0/arm-cs-tools/bin/../lib/gcc/arm-none-eabi/4.7.2/thumb2/crtbegin.o

.got            0x0000000000001e14       0x1c
 .got           0x0000000000001e14       0x1c /usr/local/Cellar/pebble-toolchain/2.0/arm-cs-tools/bin/../lib/gcc/arm-none-eabi/4.7.2/thumb2/crtbegin.o

.got.plt        0x0000000000001e30        0xc
 .got.plt       0x0000000000001e30        0xc /usr/local/Cellar/pebble-toolchain/2.0/arm-cs-tools/bin/../lib/gcc/arm-none-eabi/4.7.2/thumb2/crtbegin.o
                0x0000000000001e30                _GLOBAL_OFFSET_TABLE_

.bss            0x0000000000001e3c       0xc0
 *(.bss)
 *(.bss.*)
 .bss.s_survey_window
                0x0000000000001e3c        0x4 src/demo_screens.c.16.o
 .bss.s_title_text_layer
                0x0000000000001e40        0x4 src/demo_screens.c.16.o
 .bss.init_selection
                0x0000000000001e44        0x2 src/demo_screens.c.16.o
 *fill*         0x0000000000001e46        0x2 
 .bss.s_menu_layer
                0x0000000000001e48        0x4 src/demo_screens.c.16.o
 .bss.s_transmit_countdown_text_layer
                0x0000000000001e4c        0x4 src/modules/comm.c.16.o
 .bss.attempt_acti_upload_time
                0x0000000000001e50        0x4 src/modules/comm.c.16.o
 .bss.window_layer
                0x0000000000001e54        0x4 src/modules/comm.c.16.o
 .bss.countdown_active
                0x0000000000001e58        0x1 src/modules/comm.c.16.o
 *fill*         0x0000000000001e59        0x3 
 .bss.s_transmit_text_layer
                0x0000000000001e5c        0x4 src/modules/comm.c.16.o
 .bss.retry_count
                0x0000000000001e60        0x2 src/modules/comm.c.16.o
 *fill*         0x0000000000001e62        0x2 
 .bss.prev_acti_upload_time
                0x0000000000001e64        0x4 src/modules/comm.c.16.o
 .bss.app_timer_push_to_server
                0x0000000000001e68        0x4 src/modules/comm.c.16.o
 .bss.pinteract_count
                0x0000000000001e6c        0x4 src/modules/comm.c.16.o
 .bss.s_transmit_phone_window
                0x0000000000001e70        0x4 src/modules/comm.c.16.o
 .bss.cur_countdown
                0x0000000000001e74        0x2 src/modules/comm.c.16.o
 *fill*         0x0000000000001e76        0x2 
 .bss.s_survey_window
                0x0000000000001e78        0x4 src/pinteract/pinteract_11.c.16.o
 .bss.s_title_text_layer
                0x0000000000001e7c        0x4 src/pinteract/pinteract_11.c.16.o
 .bss.init_selection
                0x0000000000001e80        0x2 src/pinteract/pinteract_11.c.16.o
 *fill*         0x0000000000001e82        0x2 
 .bss.s_menu_layer
                0x0000000000001e84        0x4 src/pinteract/pinteract_11.c.16.o
 .bss.s_select_arrow_bitmap
                0x0000000000001e88        0x4 src/pinteract/pinteract_priv_scrn.c.16.o
 .bss.s_up_delay_layer
                0x0000000000001e8c        0x4 src/pinteract/pinteract_priv_scrn.c.16.o
 .bss.reminder_buzz_time_t
                0x0000000000001e90        0x4 src/pinteract/pinteract_priv_scrn.c.16.o
 .bss.s_time_layer
                0x0000000000001e94        0x4 src/pinteract/pinteract_priv_scrn.c.16.o
 .bss.s_down_delay_layer
                0x0000000000001e98        0x4 src/pinteract/pinteract_priv_scrn.c.16.o
 .bss.s_question_bitmap
                0x0000000000001e9c        0x4 src/pinteract/pinteract_priv_scrn.c.16.o
 .bss.time_t_srt_priv_scrn_lcl
                0x0000000000001ea0        0x4 src/pinteract/pinteract_priv_scrn.c.16.o
 .bss.pinteract_code_lcl
                0x0000000000001ea4        0x2 src/pinteract/pinteract_priv_scrn.c.16.o
 *fill*         0x0000000000001ea6        0x2 
 .bss.s_select_arrow_bitmap_layer
                0x0000000000001ea8        0x4 src/pinteract/pinteract_priv_scrn.c.16.o
 .bss.s_time_buffer.7602
                0x0000000000001eac        0xa src/pinteract/pinteract_priv_scrn.c.16.o
 .bss.s_down_delay_buf.7616
                0x0000000000001eb6       0x11 src/pinteract/pinteract_priv_scrn.c.16.o
 *fill*         0x0000000000001ec7        0x1 
 .bss.s_privacy_window
                0x0000000000001ec8        0x4 src/pinteract/pinteract_priv_scrn.c.16.o
 .bss.s_up_delay_buf.7612
                0x0000000000001ecc       0x11 src/pinteract/pinteract_priv_scrn.c.16.o
 *fill*         0x0000000000001edd        0x3 
 .bss.s_question_bitmap_layer
                0x0000000000001ee0        0x4 src/pinteract/pinteract_priv_scrn.c.16.o
 COMMON         0x0000000000001ee4        0x6 src/demo_screens.c.16.o
                0x0000000000001ee4                time_srt_pi
                0x0000000000001ee8                ROW_HEIGHT
 *fill*         0x0000000000001eea        0x2 
 COMMON         0x0000000000001eec        0x9 src/modules/comm.c.16.o
                0x0000000000001eec                cur_app_key
                0x0000000000001ef0                num_entries
                0x0000000000001ef4                health_events_sent
 *fill*         0x0000000000001ef5        0x3 
 COMMON         0x0000000000001ef8        0x4 src/pinteract/pinteract_11.c.16.o
                0x0000000000001ef8                pinteract_ctx_lcl

DISCARD
 libc.a(*)
 libm.a(*)
 libgcc.a(*)
 *(.eh_frame)
OUTPUT(/Users/Nate/Documents/pk-priv/pebblewatch-pub/build/basalt/pebble-app.elf elf32-littlearm)

.ARM.attributes
                0x0000000000000000       0x27
 .ARM.attributes
                0x0000000000000000       0x19 /usr/local/Cellar/pebble-toolchain/2.0/arm-cs-tools/bin/../lib/gcc/arm-none-eabi/4.7.2/thumb2/crti.o
 .ARM.attributes
                0x0000000000000019       0x29 /usr/local/Cellar/pebble-toolchain/2.0/arm-cs-tools/bin/../lib/gcc/arm-none-eabi/4.7.2/thumb2/crtbegin.o
 .ARM.attributes
                0x0000000000000042       0x33 src/config_all/config_schedule.c.16.o
 .ARM.attributes
                0x0000000000000075       0x33 src/demo_screens.c.16.o
 .ARM.attributes
                0x00000000000000a8       0x33 src/main.c.16.o
 .ARM.attributes
                0x00000000000000db       0x33 src/modules/comm.c.16.o
 .ARM.attributes
                0x000000000000010e       0x33 src/modules/data.c.16.o
 .ARM.attributes
                0x0000000000000141       0x33 src/modules/helper.c.16.o
 .ARM.attributes
                0x0000000000000174       0x33 src/pinteract/pinteract_11.c.16.o
 .ARM.attributes
                0x00000000000001a7       0x33 src/pinteract/pinteract_141.c.16.o
 .ARM.attributes
                0x00000000000001da       0x33 src/pinteract/pinteract_142.c.16.o
 .ARM.attributes
                0x000000000000020d       0x33 src/pinteract/pinteract_driver.c.16.o
 .ARM.attributes
                0x0000000000000240       0x33 src/pinteract/pinteract_priv_scrn.c.16.o
 .ARM.attributes
                0x0000000000000273       0x33 basalt/appinfo.auto.c.16.o
 .ARM.attributes
                0x00000000000002a6       0x21 /Users/Nate/Library/Application Support/Pebble SDK/SDKs/current/sdk-core/pebble/basalt/lib/libpebble.a(tmp52OHy8pebble.o)
 .ARM.attributes
                0x00000000000002c7       0x29 /usr/local/Cellar/pebble-toolchain/2.0/arm-cs-tools/bin/../lib/gcc/arm-none-eabi/4.7.2/thumb2/crtend.o
 .ARM.attributes
                0x00000000000002f0       0x19 /usr/local/Cellar/pebble-toolchain/2.0/arm-cs-tools/bin/../lib/gcc/arm-none-eabi/4.7.2/thumb2/crtn.o

.comment        0x0000000000000000       0x4e
 .comment       0x0000000000000000       0x4e /usr/local/Cellar/pebble-toolchain/2.0/arm-cs-tools/bin/../lib/gcc/arm-none-eabi/4.7.2/thumb2/crtbegin.o
                                         0x4f (size before relaxing)
 .comment       0x0000000000000000       0x4f src/config_all/config_schedule.c.16.o
 .comment       0x0000000000000000       0x4f src/demo_screens.c.16.o
 .comment       0x0000000000000000       0x4f src/main.c.16.o
 .comment       0x0000000000000000       0x4f src/modules/comm.c.16.o
 .comment       0x0000000000000000       0x4f src/modules/data.c.16.o
 .comment       0x0000000000000000       0x4f src/modules/helper.c.16.o
 .comment       0x0000000000000000       0x4f src/pinteract/pinteract_11.c.16.o
 .comment       0x0000000000000000       0x4f src/pinteract/pinteract_141.c.16.o
 .comment       0x0000000000000000       0x4f src/pinteract/pinteract_142.c.16.o
 .comment       0x0000000000000000       0x4f src/pinteract/pinteract_driver.c.16.o
 .comment       0x0000000000000000       0x4f src/pinteract/pinteract_priv_scrn.c.16.o
 .comment       0x0000000000000000       0x4f basalt/appinfo.auto.c.16.o
 .comment       0x0000000000000000       0x4f /usr/local/Cellar/pebble-toolchain/2.0/arm-cs-tools/bin/../lib/gcc/arm-none-eabi/4.7.2/thumb2/crtend.o

.debug_info     0x0000000000000000     0x7699
 .debug_info    0x0000000000000000      0xa95 src/config_all/config_schedule.c.16.o
 .debug_info    0x0000000000000a95      0xe90 src/demo_screens.c.16.o
 .debug_info    0x0000000000001925      0x5ef src/main.c.16.o
 .debug_info    0x0000000000001f14     0x1a4a src/modules/comm.c.16.o
 .debug_info    0x000000000000395e      0x408 src/modules/data.c.16.o
 .debug_info    0x0000000000003d66      0xc4c src/modules/helper.c.16.o
 .debug_info    0x00000000000049b2     0x1034 src/pinteract/pinteract_11.c.16.o
 .debug_info    0x00000000000059e6      0x227 src/pinteract/pinteract_141.c.16.o
 .debug_info    0x0000000000005c0d      0x2b2 src/pinteract/pinteract_driver.c.16.o
 .debug_info    0x0000000000005ebf     0x1491 src/pinteract/pinteract_priv_scrn.c.16.o
 .debug_info    0x0000000000007350      0x349 basalt/appinfo.auto.c.16.o

.debug_abbrev   0x0000000000000000     0x18ca
 .debug_abbrev  0x0000000000000000      0x292 src/config_all/config_schedule.c.16.o
 .debug_abbrev  0x0000000000000292      0x285 src/demo_screens.c.16.o
 .debug_abbrev  0x0000000000000517      0x1fb src/main.c.16.o
 .debug_abbrev  0x0000000000000712      0x459 src/modules/comm.c.16.o
 .debug_abbrev  0x0000000000000b6b      0x181 src/modules/data.c.16.o
 .debug_abbrev  0x0000000000000cec      0x345 src/modules/helper.c.16.o
 .debug_abbrev  0x0000000000001031      0x295 src/pinteract/pinteract_11.c.16.o
 .debug_abbrev  0x00000000000012c6       0xb8 src/pinteract/pinteract_141.c.16.o
 .debug_abbrev  0x000000000000137e      0x138 src/pinteract/pinteract_driver.c.16.o
 .debug_abbrev  0x00000000000014b6      0x376 src/pinteract/pinteract_priv_scrn.c.16.o
 .debug_abbrev  0x000000000000182c       0x9e basalt/appinfo.auto.c.16.o

.debug_loc      0x0000000000000000     0x19b7
 .debug_loc     0x0000000000000000      0x4ae src/config_all/config_schedule.c.16.o
 .debug_loc     0x00000000000004ae      0x29c src/demo_screens.c.16.o
 .debug_loc     0x000000000000074a       0x20 src/main.c.16.o
 .debug_loc     0x000000000000076a      0x55f src/modules/comm.c.16.o
 .debug_loc     0x0000000000000cc9       0xc2 src/modules/data.c.16.o
 .debug_loc     0x0000000000000d8b      0x5bb src/modules/helper.c.16.o
 .debug_loc     0x0000000000001346      0x2dc src/pinteract/pinteract_11.c.16.o
 .debug_loc     0x0000000000001622       0x4a src/pinteract/pinteract_driver.c.16.o
 .debug_loc     0x000000000000166c      0x34b src/pinteract/pinteract_priv_scrn.c.16.o

.debug_aranges  0x0000000000000000      0x378
 .debug_aranges
                0x0000000000000000       0x60 src/config_all/config_schedule.c.16.o
 .debug_aranges
                0x0000000000000060       0x50 src/demo_screens.c.16.o
 .debug_aranges
                0x00000000000000b0       0x20 src/main.c.16.o
 .debug_aranges
                0x00000000000000d0       0xa0 src/modules/comm.c.16.o
 .debug_aranges
                0x0000000000000170       0x40 src/modules/data.c.16.o
 .debug_aranges
                0x00000000000001b0       0xc0 src/modules/helper.c.16.o
 .debug_aranges
                0x0000000000000270       0x50 src/pinteract/pinteract_11.c.16.o
 .debug_aranges
                0x00000000000002c0       0x18 src/pinteract/pinteract_141.c.16.o
 .debug_aranges
                0x00000000000002d8       0x20 src/pinteract/pinteract_driver.c.16.o
 .debug_aranges
                0x00000000000002f8       0x68 src/pinteract/pinteract_priv_scrn.c.16.o
 .debug_aranges
                0x0000000000000360       0x18 basalt/appinfo.auto.c.16.o

.debug_ranges   0x0000000000000000      0x3c8
 .debug_ranges  0x0000000000000000       0x80 src/config_all/config_schedule.c.16.o
 .debug_ranges  0x0000000000000080       0x40 src/demo_screens.c.16.o
 .debug_ranges  0x00000000000000c0       0x28 src/main.c.16.o
 .debug_ranges  0x00000000000000e8      0x128 src/modules/comm.c.16.o
 .debug_ranges  0x0000000000000210       0x30 src/modules/data.c.16.o
 .debug_ranges  0x0000000000000240       0xe0 src/modules/helper.c.16.o
 .debug_ranges  0x0000000000000320       0x40 src/pinteract/pinteract_11.c.16.o
 .debug_ranges  0x0000000000000360       0x10 src/pinteract/pinteract_driver.c.16.o
 .debug_ranges  0x0000000000000370       0x58 src/pinteract/pinteract_priv_scrn.c.16.o

.debug_line     0x0000000000000000     0x2308
 .debug_line    0x0000000000000000      0x3b5 src/config_all/config_schedule.c.16.o
 .debug_line    0x00000000000003b5      0x368 src/demo_screens.c.16.o
 .debug_line    0x000000000000071d      0x2a6 src/main.c.16.o
 .debug_line    0x00000000000009c3      0x4f8 src/modules/comm.c.16.o
 .debug_line    0x0000000000000ebb      0x2ba src/modules/data.c.16.o
 .debug_line    0x0000000000001175      0x4ce src/modules/helper.c.16.o
 .debug_line    0x0000000000001643      0x390 src/pinteract/pinteract_11.c.16.o
 .debug_line    0x00000000000019d3      0x179 src/pinteract/pinteract_141.c.16.o
 .debug_line    0x0000000000001b4c        0x0 src/pinteract/pinteract_142.c.16.o
 .debug_line    0x0000000000001b4c      0x24c src/pinteract/pinteract_driver.c.16.o
 .debug_line    0x0000000000001d98      0x41b src/pinteract/pinteract_priv_scrn.c.16.o
 .debug_line    0x00000000000021b3      0x155 basalt/appinfo.auto.c.16.o

.debug_str      0x0000000000000000     0x23c9
 .debug_str     0x0000000000000000      0x5f9 src/config_all/config_schedule.c.16.o
                                        0x687 (size before relaxing)
 .debug_str     0x00000000000005f9      0x6da src/demo_screens.c.16.o
                                        0xb0d (size before relaxing)
 .debug_str     0x0000000000000cd3      0x17d src/main.c.16.o
                                        0x5b5 (size before relaxing)
 .debug_str     0x0000000000000e50      0xa8d src/modules/comm.c.16.o
                                       0x1136 (size before relaxing)
 .debug_str     0x00000000000018dd       0x8d src/modules/data.c.16.o
                                        0x45b (size before relaxing)
 .debug_str     0x000000000000196a      0x3ad src/modules/helper.c.16.o
                                        0x96e (size before relaxing)
 .debug_str     0x0000000000001d17       0xb0 src/pinteract/pinteract_11.c.16.o
                                        0xbe3 (size before relaxing)
 .debug_str     0x0000000000001dc7       0x21 src/pinteract/pinteract_141.c.16.o
                                        0x37f (size before relaxing)
 .debug_str     0x0000000000001de8       0x35 src/pinteract/pinteract_driver.c.16.o
                                        0x3db (size before relaxing)
 .debug_str     0x0000000000001e1d      0x44f src/pinteract/pinteract_priv_scrn.c.16.o
                                        0xdd8 (size before relaxing)
 .debug_str     0x000000000000226c      0x15d basalt/appinfo.auto.c.16.o
                                        0x406 (size before relaxing)

.debug_frame    0x0000000000000000      0x814
 .debug_frame   0x0000000000000000      0x124 src/config_all/config_schedule.c.16.o
 .debug_frame   0x0000000000000124       0xc8 src/demo_screens.c.16.o
 .debug_frame   0x00000000000001ec       0x34 src/main.c.16.o
 .debug_frame   0x0000000000000220      0x1b4 src/modules/comm.c.16.o
 .debug_frame   0x00000000000003d4       0x88 src/modules/data.c.16.o
 .debug_frame   0x000000000000045c      0x1c4 src/modules/helper.c.16.o
 .debug_frame   0x0000000000000620       0xcc src/pinteract/pinteract_11.c.16.o
 .debug_frame   0x00000000000006ec       0x20 src/pinteract/pinteract_driver.c.16.o
 .debug_frame   0x000000000000070c      0x108 src/pinteract/pinteract_priv_scrn.c.16.o
