Archive member included because of file (symbol)

/Users/Nate/Library/Application Support/Pebble SDK/SDKs/current/sdk-core/pebble/aplite/lib/libpebble.a(tmpeWFBzLpebble.o)
                              src/main.c.18.o (app_event_loop)

Allocating common symbols
Common symbol       size              file

attempt_acti_upload_time
                    0x4               src/modules/comm.c.18.o
prev_acti_upload_time
                    0x4               src/modules/comm.c.18.o

Discarded input sections

 .text          0x0000000000000000        0x0 /usr/local/Cellar/pebble-toolchain/2.0/arm-cs-tools/bin/../lib/gcc/arm-none-eabi/4.7.2/thumb2/crti.o
 .bss           0x0000000000000000        0x0 /usr/local/Cellar/pebble-toolchain/2.0/arm-cs-tools/bin/../lib/gcc/arm-none-eabi/4.7.2/thumb2/crti.o
 .init          0x0000000000000000        0x4 /usr/local/Cellar/pebble-toolchain/2.0/arm-cs-tools/bin/../lib/gcc/arm-none-eabi/4.7.2/thumb2/crti.o
 .fini          0x0000000000000000        0x4 /usr/local/Cellar/pebble-toolchain/2.0/arm-cs-tools/bin/../lib/gcc/arm-none-eabi/4.7.2/thumb2/crti.o
 .text          0x0000000000000000       0xc8 /usr/local/Cellar/pebble-toolchain/2.0/arm-cs-tools/bin/../lib/gcc/arm-none-eabi/4.7.2/thumb2/crtbegin.o
 .bss           0x0000000000000000       0x1c /usr/local/Cellar/pebble-toolchain/2.0/arm-cs-tools/bin/../lib/gcc/arm-none-eabi/4.7.2/thumb2/crtbegin.o
 .init_array    0x0000000000000000        0x4 /usr/local/Cellar/pebble-toolchain/2.0/arm-cs-tools/bin/../lib/gcc/arm-none-eabi/4.7.2/thumb2/crtbegin.o
 .fini_array    0x0000000000000000        0x4 /usr/local/Cellar/pebble-toolchain/2.0/arm-cs-tools/bin/../lib/gcc/arm-none-eabi/4.7.2/thumb2/crtbegin.o
 .eh_frame      0x0000000000000000        0x0 /usr/local/Cellar/pebble-toolchain/2.0/arm-cs-tools/bin/../lib/gcc/arm-none-eabi/4.7.2/thumb2/crtbegin.o
 .jcr           0x0000000000000000        0x0 /usr/local/Cellar/pebble-toolchain/2.0/arm-cs-tools/bin/../lib/gcc/arm-none-eabi/4.7.2/thumb2/crtbegin.o
 .tm_clone_table
                0x0000000000000000        0x0 /usr/local/Cellar/pebble-toolchain/2.0/arm-cs-tools/bin/../lib/gcc/arm-none-eabi/4.7.2/thumb2/crtbegin.o
 .text          0x0000000000000000        0x0 src/config_all/config_schedule.c.18.o
 .bss           0x0000000000000000        0x0 src/config_all/config_schedule.c.18.o
 .text.write_to_config_wakeup_persistant_storage
                0x0000000000000000       0x28 src/config_all/config_schedule.c.18.o
 .text.reset_config_wakeup_schedule
                0x0000000000000000       0x28 src/config_all/config_schedule.c.18.o
 .text          0x0000000000000000        0x0 src/main.c.18.o
 .bss           0x0000000000000000        0x0 src/main.c.18.o
 .text          0x0000000000000000        0x0 src/modules/comm.c.18.o
 .bss           0x0000000000000000        0x0 src/modules/comm.c.18.o
 .text.select_click_handler
                0x0000000000000000        0x2 src/modules/comm.c.18.o
 .text.back_click_handler
                0x0000000000000000        0x2 src/modules/comm.c.18.o
 .text.up_click_handler
                0x0000000000000000        0x2 src/modules/comm.c.18.o
 .text.down_click_handler
                0x0000000000000000        0x2 src/modules/comm.c.18.o
 .text.click_config_provider
                0x0000000000000000       0x40 src/modules/comm.c.18.o
 .text.transmit_phone_window_unload
                0x0000000000000000       0x4c src/modules/comm.c.18.o
 .text.close_transmit_window
                0x0000000000000000       0x10 src/modules/comm.c.18.o
 .text.countdown_timer_handler
                0x0000000000000000       0x70 src/modules/comm.c.18.o
 .text.transmit_phone_window_load
                0x0000000000000000      0x120 src/modules/comm.c.18.o
 .text.outbox_dropped_handler
                0x0000000000000000       0x28 src/modules/comm.c.18.o
 .text.send_data_item
                0x0000000000000000      0x150 src/modules/comm.c.18.o
 .text.outbox_sent_handler
                0x0000000000000000       0x6c src/modules/comm.c.18.o
 .text.inbox_received_handler
                0x0000000000000000       0x48 src/modules/comm.c.18.o
 .text.comm_begin_upload
                0x0000000000000000       0x98 src/modules/comm.c.18.o
 .rodata        0x0000000000000000        0x8 src/modules/comm.c.18.o
 .bss.s_transmit_countdown_text_layer
                0x0000000000000000        0x4 src/modules/comm.c.18.o
 .bss.window_layer
                0x0000000000000000        0x4 src/modules/comm.c.18.o
 .bss.countdown_active
                0x0000000000000000        0x1 src/modules/comm.c.18.o
 .bss.retry_count
                0x0000000000000000        0x2 src/modules/comm.c.18.o
 .bss.s_transmit_text_layer
                0x0000000000000000        0x4 src/modules/comm.c.18.o
 .data.s_tr_buf.7516
                0x0000000000000000        0x4 src/modules/comm.c.18.o
 .rodata.str1.1
                0x0000000000000000       0xd9 src/modules/comm.c.18.o
 .bss.app_timer_push_to_server
[...]
Memory Configuration

Name             Origin             Length             Attributes
APP              0x0000000000000000 0x0000000000006000 xrw
*default*        0x0000000000000000 0xffffffffffffffff

Linker script and memory map

LOAD /usr/local/Cellar/pebble-toolchain/2.0/arm-cs-tools/bin/../lib/gcc/arm-none-eabi/4.7.2/thumb2/crti.o
LOAD /usr/local/Cellar/pebble-toolchain/2.0/arm-cs-tools/bin/../lib/gcc/arm-none-eabi/4.7.2/thumb2/crtbegin.o
LOAD src/config_all/config_schedule.c.18.o
LOAD src/main.c.18.o
LOAD src/modules/comm.c.18.o
LOAD src/modules/data.c.18.o
LOAD src/modules/helper.c.18.o
LOAD aplite/appinfo.auto.c.18.o
LOAD /Users/Nate/Library/Application Support/Pebble SDK/SDKs/current/sdk-core/pebble/aplite/lib/libpebble.a
START GROUP
LOAD /usr/local/Cellar/pebble-toolchain/2.0/arm-cs-tools/bin/../lib/gcc/arm-none-eabi/4.7.2/thumb2/libgcc.a
LOAD /usr/local/Cellar/pebble-toolchain/2.0/arm-cs-tools/bin/../lib/gcc/arm-none-eabi/4.7.2/../../../../arm-none-eabi/lib/thumb2/libc.a
END GROUP
LOAD /usr/local/Cellar/pebble-toolchain/2.0/arm-cs-tools/bin/../lib/gcc/arm-none-eabi/4.7.2/thumb2/crtend.o
LOAD /usr/local/Cellar/pebble-toolchain/2.0/arm-cs-tools/bin/../lib/gcc/arm-none-eabi/4.7.2/thumb2/crtn.o

.header         0x0000000000000000       0x82
 *(.pbl_header)
 .pbl_header    0x0000000000000000       0x82 aplite/appinfo.auto.c.18.o
                0x0000000000000000                __pbl_app_info

.note.gnu.build-id
                0x0000000000000082       0x26
                0x0000000000000082                PROVIDE (BUILD_ID, .)
 *(.note.gnu.build-id)
 *fill*         0x0000000000000082        0x2 
 .note.gnu.build-id
                0x0000000000000084       0x24 linker stubs

.text           0x00000000000000a8      0x528
 *(.text)
 .text          0x00000000000000a8       0x14 /Users/Nate/Library/Application Support/Pebble SDK/SDKs/current/sdk-core/pebble/aplite/lib/libpebble.a(tmpeWFBzLpebble.o)
 *(.text.*)
 .text.zero_out_wakeup_config_ary
                0x00000000000000bc       0x14 src/config_all/config_schedule.c.18.o
 .text.read_config_wakeup_index_persistant_storage
                0x00000000000000d0       0x34 src/config_all/config_schedule.c.18.o
                0x00000000000000d0                read_config_wakeup_index_persistant_storage
 .text.pinteract_code_from_config_wakeup_index
                0x0000000000000104       0x12 src/config_all/config_schedule.c.18.o
                0x0000000000000104                pinteract_code_from_config_wakeup_index
 .text.read_wakeup_id_at_config_wakeup_index
                0x0000000000000116       0x2c src/config_all/config_schedule.c.18.o
                0x0000000000000116                read_wakeup_id_at_config_wakeup_index
 .text.write_wakeup_id_at_config_wakeup_index
                0x0000000000000142       0x36 src/config_all/config_schedule.c.18.o
                0x0000000000000142                write_wakeup_id_at_config_wakeup_index
 .text.reschedule_config_wakeup_index
                0x0000000000000178       0x60 src/config_all/config_schedule.c.18.o
                0x0000000000000178                reschedule_config_wakeup_index
 .text.config_wakeup_schedule
                0x00000000000001d8       0xdc src/config_all/config_schedule.c.18.o
                0x00000000000001d8                config_wakeup_schedule
 .text.startup.main
                0x00000000000002b4       0x8c src/main.c.18.o
                0x00000000000002b4                main
 .text.wakeup_main_response_handler
                0x0000000000000340       0x38 src/modules/helper.c.18.o
                0x0000000000000340                wakeup_main_response_handler
 .text.rand_lw_up_bounds
                0x0000000000000378       0x22 src/modules/helper.c.18.o
                0x0000000000000378                rand_lw_up_bounds
 .text.today_srt_time_t_today_s
                0x000000000000039a       0x3c src/modules/helper.c.18.o
                0x000000000000039a                today_srt_time_t_today_s
 *fill*         0x00000000000003d6        0x2 
 .text.app_event_loop
                0x00000000000003d8        0xc /Users/Nate/Library/Application Support/Pebble SDK/SDKs/current/sdk-core/pebble/aplite/lib/libpebble.a(tmpeWFBzLpebble.o)
                0x00000000000003d8                app_event_loop
 .text.app_log  0x00000000000003e4        0xc /Users/Nate/Library/Application Support/Pebble SDK/SDKs/current/sdk-core/pebble/aplite/lib/libpebble.a(tmpeWFBzLpebble.o)
                0x00000000000003e4                app_log
 .text.persist_write_int
                0x00000000000003f0        0xc /Users/Nate/Library/Application Support/Pebble SDK/SDKs/current/sdk-core/pebble/aplite/lib/libpebble.a(tmpeWFBzLpebble.o)
                0x00000000000003f0                persist_write_int
 .text.rand     0x00000000000003fc        0xc /Users/Nate/Library/Application Support/Pebble SDK/SDKs/current/sdk-core/pebble/aplite/lib/libpebble.a(tmpeWFBzLpebble.o)
                0x00000000000003fc                rand
 .text.srand    0x0000000000000408        0xc /Users/Nate/Library/Application Support/Pebble SDK/SDKs/current/sdk-core/pebble/aplite/lib/libpebble.a(tmpeWFBzLpebble.o)
                0x0000000000000408                srand
 .text.tick_timer_service_unsubscribe
                0x0000000000000414        0xc /Users/Nate/Library/Application Support/Pebble SDK/SDKs/current/sdk-core/pebble/aplite/lib/libpebble.a(tmpeWFBzLpebble.o)
                0x0000000000000414                tick_timer_service_unsubscribe
 .text.vibes_enqueue_custom_pattern
                0x0000000000000420        0xc /Users/Nate/Library/Application Support/Pebble SDK/SDKs/current/sdk-core/pebble/aplite/lib/libpebble.a(tmpeWFBzLpebble.o)
                0x0000000000000420                vibes_enqueue_custom_pattern
 .text.window_stack_pop_all
                0x000000000000042c        0xc /Users/Nate/Library/Application Support/Pebble SDK/SDKs/current/sdk-core/pebble/aplite/lib/libpebble.a(tmpeWFBzLpebble.o)
                0x000000000000042c                window_stack_pop_all
 .text.persist_read_data
                0x0000000000000438        0xc /Users/Nate/Library/Application Support/Pebble SDK/SDKs/current/sdk-core/pebble/aplite/lib/libpebble.a(tmpeWFBzLpebble.o)
                0x0000000000000438                persist_read_data
 .text.persist_write_data
                0x0000000000000444        0xc /Users/Nate/Library/Application Support/Pebble SDK/SDKs/current/sdk-core/pebble/aplite/lib/libpebble.a(tmpeWFBzLpebble.o)
                0x0000000000000444                persist_write_data
 .text.heap_bytes_free
                0x0000000000000450        0xc /Users/Nate/Library/Application Support/Pebble SDK/SDKs/current/sdk-core/pebble/aplite/lib/libpebble.a(tmpeWFBzLpebble.o)
                0x0000000000000450                heap_bytes_free
 .text.heap_bytes_used
                0x000000000000045c        0xc /Users/Nate/Library/Application Support/Pebble SDK/SDKs/current/sdk-core/pebble/aplite/lib/libpebble.a(tmpeWFBzLpebble.o)
                0x000000000000045c                heap_bytes_used
 .text.launch_reason
                0x0000000000000468        0xc /Users/Nate/Library/Application Support/Pebble SDK/SDKs/current/sdk-core/pebble/aplite/lib/libpebble.a(tmpeWFBzLpebble.o)
                0x0000000000000468                launch_reason
 .text.wakeup_cancel
                0x0000000000000474        0xc /Users/Nate/Library/Application Support/Pebble SDK/SDKs/current/sdk-core/pebble/aplite/lib/libpebble.a(tmpeWFBzLpebble.o)
                0x0000000000000474                wakeup_cancel
 .text.wakeup_get_launch_event
                0x0000000000000480        0xc /Users/Nate/Library/Application Support/Pebble SDK/SDKs/current/sdk-core/pebble/aplite/lib/libpebble.a(tmpeWFBzLpebble.o)
                0x0000000000000480                wakeup_get_launch_event
 .text.wakeup_query
                0x000000000000048c        0xc /Users/Nate/Library/Application Support/Pebble SDK/SDKs/current/sdk-core/pebble/aplite/lib/libpebble.a(tmpeWFBzLpebble.o)
                0x000000000000048c                wakeup_query
 .text.wakeup_schedule
                0x0000000000000498        0xc /Users/Nate/Library/Application Support/Pebble SDK/SDKs/current/sdk-core/pebble/aplite/lib/libpebble.a(tmpeWFBzLpebble.o)
                0x0000000000000498                wakeup_schedule
 .text.wakeup_service_subscribe
                0x00000000000004a4        0xc /Users/Nate/Library/Application Support/Pebble SDK/SDKs/current/sdk-core/pebble/aplite/lib/libpebble.a(tmpeWFBzLpebble.o)
                0x00000000000004a4                wakeup_service_subscribe
 .text.localtime
                0x00000000000004b0        0xc /Users/Nate/Library/Application Support/Pebble SDK/SDKs/current/sdk-core/pebble/aplite/lib/libpebble.a(tmpeWFBzLpebble.o)
                0x00000000000004b0                localtime
 .text.time     0x00000000000004bc        0xc /Users/Nate/Library/Application Support/Pebble SDK/SDKs/current/sdk-core/pebble/aplite/lib/libpebble.a(tmpeWFBzLpebble.o)
                0x00000000000004bc                time
 *(.rodata)
 *(.rodata*)
 .rodata.str1.1
                0x00000000000004c8       0x9f src/config_all/config_schedule.c.18.o
 .rodata.str1.1
                0x0000000000000567       0x4d src/main.c.18.o
 .rodata.pinteract_vibe_seg
                0x00000000000005b4       0x1c src/modules/helper.c.18.o

.glue_7         0x00000000000005d0        0x0
 .glue_7        0x0000000000000000        0x0 linker stubs

.glue_7t        0x00000000000005d0        0x0
 .glue_7t       0x0000000000000000        0x0 linker stubs

.vfp11_veneer   0x00000000000005d0        0x0
 .vfp11_veneer  0x0000000000000000        0x0 linker stubs

.v4_bx          0x00000000000005d0        0x0
 .v4_bx         0x0000000000000000        0x0 linker stubs

.iplt           0x00000000000005d0        0x0
 .iplt          0x0000000000000000        0x0 /usr/local/Cellar/pebble-toolchain/2.0/arm-cs-tools/bin/../lib/gcc/arm-none-eabi/4.7.2/thumb2/crtbegin.o

.rel.dyn        0x00000000000005d0        0x0
 .rel.iplt      0x0000000000000000        0x0 /usr/local/Cellar/pebble-toolchain/2.0/arm-cs-tools/bin/../lib/gcc/arm-none-eabi/4.7.2/thumb2/crtbegin.o
 .rel.got       0x0000000000000000        0x0 /usr/local/Cellar/pebble-toolchain/2.0/arm-cs-tools/bin/../lib/gcc/arm-none-eabi/4.7.2/thumb2/crtbegin.o

.data           0x00000000000005d0        0xc
 *(.data)
 .data          0x00000000000005d0        0x0 /usr/local/Cellar/pebble-toolchain/2.0/arm-cs-tools/bin/../lib/gcc/arm-none-eabi/4.7.2/thumb2/crti.o
 .data          0x00000000000005d0        0x4 /usr/local/Cellar/pebble-toolchain/2.0/arm-cs-tools/bin/../lib/gcc/arm-none-eabi/4.7.2/thumb2/crtbegin.o
                0x00000000000005d0                __dso_handle
 .data          0x00000000000005d4        0x0 src/config_all/config_schedule.c.18.o
 .data          0x00000000000005d4        0x0 src/main.c.18.o
 .data          0x00000000000005d4        0x0 src/modules/comm.c.18.o
 .data          0x00000000000005d4        0x0 src/modules/data.c.18.o
 .data          0x00000000000005d4        0x0 src/modules/helper.c.18.o
 .data          0x00000000000005d4        0x0 aplite/appinfo.auto.c.18.o
 .data          0x00000000000005d4        0x0 /Users/Nate/Library/Application Support/Pebble SDK/SDKs/current/sdk-core/pebble/aplite/lib/libpebble.a(tmpeWFBzLpebble.o)
 .data          0x00000000000005d4        0x0 /usr/local/Cellar/pebble-toolchain/2.0/arm-cs-tools/bin/../lib/gcc/arm-none-eabi/4.7.2/thumb2/crtend.o
 .data          0x00000000000005d4        0x0 /usr/local/Cellar/pebble-toolchain/2.0/arm-cs-tools/bin/../lib/gcc/arm-none-eabi/4.7.2/thumb2/crtn.o
 *(.data.*)
 .data.rel.ro.local.pinteract_vibe_pat
                0x00000000000005d4        0x8 src/modules/helper.c.18.o

.igot.plt       0x00000000000005dc        0x0
 .igot.plt      0x0000000000000000        0x0 /usr/local/Cellar/pebble-toolchain/2.0/arm-cs-tools/bin/../lib/gcc/arm-none-eabi/4.7.2/thumb2/crtbegin.o

.got            0x00000000000005dc        0x4
 .got           0x00000000000005dc        0x4 /usr/local/Cellar/pebble-toolchain/2.0/arm-cs-tools/bin/../lib/gcc/arm-none-eabi/4.7.2/thumb2/crtbegin.o

.got.plt        0x00000000000005e0        0xc
 .got.plt       0x00000000000005e0        0xc /usr/local/Cellar/pebble-toolchain/2.0/arm-cs-tools/bin/../lib/gcc/arm-none-eabi/4.7.2/thumb2/crtbegin.o
                0x00000000000005e0                _GLOBAL_OFFSET_TABLE_

.bss
 *(.bss)
 *(.bss.*)

DISCARD
 libc.a(*)
 libm.a(*)
 libgcc.a(*)
 *(.eh_frame)
OUTPUT(/Users/Nate/Documents/pk-priv/pebblewatch-pub/build/aplite/pebble-app.elf elf32-littlearm)

.ARM.attributes
                0x0000000000000000       0x27
 .ARM.attributes
                0x0000000000000000       0x19 /usr/local/Cellar/pebble-toolchain/2.0/arm-cs-tools/bin/../lib/gcc/arm-none-eabi/4.7.2/thumb2/crti.o
 .ARM.attributes
                0x0000000000000019       0x29 /usr/local/Cellar/pebble-toolchain/2.0/arm-cs-tools/bin/../lib/gcc/arm-none-eabi/4.7.2/thumb2/crtbegin.o
 .ARM.attributes
                0x0000000000000042       0x33 src/config_all/config_schedule.c.18.o
 .ARM.attributes
                0x0000000000000075       0x33 src/main.c.18.o
 .ARM.attributes
                0x00000000000000a8       0x33 src/modules/comm.c.18.o
 .ARM.attributes
                0x00000000000000db       0x33 src/modules/data.c.18.o
 .ARM.attributes
                0x000000000000010e       0x33 src/modules/helper.c.18.o
 .ARM.attributes
                0x0000000000000141       0x33 aplite/appinfo.auto.c.18.o
 .ARM.attributes
                0x0000000000000174       0x21 /Users/Nate/Library/Application Support/Pebble SDK/SDKs/current/sdk-core/pebble/aplite/lib/libpebble.a(tmpeWFBzLpebble.o)
 .ARM.attributes
                0x0000000000000195       0x29 /usr/local/Cellar/pebble-toolchain/2.0/arm-cs-tools/bin/../lib/gcc/arm-none-eabi/4.7.2/thumb2/crtend.o
 .ARM.attributes
                0x00000000000001be       0x19 /usr/local/Cellar/pebble-toolchain/2.0/arm-cs-tools/bin/../lib/gcc/arm-none-eabi/4.7.2/thumb2/crtn.o

.comment        0x0000000000000000       0x4e
 .comment       0x0000000000000000       0x4e /usr/local/Cellar/pebble-toolchain/2.0/arm-cs-tools/bin/../lib/gcc/arm-none-eabi/4.7.2/thumb2/crtbegin.o
                                         0x4f (size before relaxing)
 .comment       0x0000000000000000       0x4f src/config_all/config_schedule.c.18.o
 .comment       0x0000000000000000       0x4f src/main.c.18.o
 .comment       0x0000000000000000       0x4f src/modules/comm.c.18.o
 .comment       0x0000000000000000       0x4f src/modules/data.c.18.o
 .comment       0x0000000000000000       0x4f src/modules/helper.c.18.o
 .comment       0x0000000000000000       0x4f aplite/appinfo.auto.c.18.o
 .comment       0x0000000000000000       0x4f /usr/local/Cellar/pebble-toolchain/2.0/arm-cs-tools/bin/../lib/gcc/arm-none-eabi/4.7.2/thumb2/crtend.o

.debug_info     0x0000000000000000     0x36d1
 .debug_info    0x0000000000000000      0xa20 src/config_all/config_schedule.c.18.o
 .debug_info    0x0000000000000a20      0x4bd src/main.c.18.o
 .debug_info    0x0000000000000edd     0x168f src/modules/comm.c.18.o
 .debug_info    0x000000000000256c      0x203 src/modules/data.c.18.o
 .debug_info    0x000000000000276f      0xc19 src/modules/helper.c.18.o
 .debug_info    0x0000000000003388      0x349 aplite/appinfo.auto.c.18.o

.debug_abbrev   0x0000000000000000      0xc92
 .debug_abbrev  0x0000000000000000      0x292 src/config_all/config_schedule.c.18.o
 .debug_abbrev  0x0000000000000292      0x1ea src/main.c.18.o
 .debug_abbrev  0x000000000000047c      0x352 src/modules/comm.c.18.o
 .debug_abbrev  0x00000000000007ce       0xb8 src/modules/data.c.18.o
 .debug_abbrev  0x0000000000000886      0x36e src/modules/helper.c.18.o
 .debug_abbrev  0x0000000000000bf4       0x9e aplite/appinfo.auto.c.18.o

.debug_loc      0x0000000000000000      0xe65
 .debug_loc     0x0000000000000000      0x4ae src/config_all/config_schedule.c.18.o
 .debug_loc     0x00000000000004ae       0x2c src/main.c.18.o
 .debug_loc     0x00000000000004da      0x3f0 src/modules/comm.c.18.o
 .debug_loc     0x00000000000008ca      0x59b src/modules/helper.c.18.o

.debug_aranges  0x0000000000000000      0x1f8
 .debug_aranges
                0x0000000000000000       0x60 src/config_all/config_schedule.c.18.o
 .debug_aranges
                0x0000000000000060       0x20 src/main.c.18.o
 .debug_aranges
                0x0000000000000080       0x88 src/modules/comm.c.18.o
 .debug_aranges
                0x0000000000000108       0x18 src/modules/data.c.18.o
 .debug_aranges
                0x0000000000000120       0xc0 src/modules/helper.c.18.o
 .debug_aranges
                0x00000000000001e0       0x18 aplite/appinfo.auto.c.18.o

.debug_ranges   0x0000000000000000      0x218
 .debug_ranges  0x0000000000000000       0x80 src/config_all/config_schedule.c.18.o
 .debug_ranges  0x0000000000000080       0x28 src/main.c.18.o
 .debug_ranges  0x00000000000000a8       0x90 src/modules/comm.c.18.o
 .debug_ranges  0x0000000000000138       0xe0 src/modules/helper.c.18.o

.debug_line     0x0000000000000000     0x107f
 .debug_line    0x0000000000000000      0x3b1 src/config_all/config_schedule.c.18.o
 .debug_line    0x00000000000003b1      0x209 src/main.c.18.o
 .debug_line    0x00000000000005ba      0x431 src/modules/comm.c.18.o
 .debug_line    0x00000000000009eb      0x15c src/modules/data.c.18.o
 .debug_line    0x0000000000000b47      0x3e3 src/modules/helper.c.18.o
 .debug_line    0x0000000000000f2a      0x155 aplite/appinfo.auto.c.18.o

.debug_str      0x0000000000000000     0x1a08
 .debug_str     0x0000000000000000      0x594 src/config_all/config_schedule.c.18.o
                                        0x622 (size before relaxing)
 .debug_str     0x0000000000000594      0x17a src/main.c.18.o
                                        0x507 (size before relaxing)
 .debug_str     0x000000000000070e      0xbc6 src/modules/comm.c.18.o
                                        0xfab (size before relaxing)
 .debug_str     0x00000000000012d4       0x16 src/modules/data.c.18.o
                                        0x307 (size before relaxing)
 .debug_str     0x00000000000012ea      0x404 src/modules/helper.c.18.o
                                        0x8f0 (size before relaxing)
 .debug_str     0x00000000000016ee      0x31a aplite/appinfo.auto.c.18.o
                                        0x406 (size before relaxing)

.debug_frame    0x0000000000000000      0x468
 .debug_frame   0x0000000000000000      0x124 src/config_all/config_schedule.c.18.o
 .debug_frame   0x0000000000000124       0x2c src/main.c.18.o
 .debug_frame   0x0000000000000150      0x154 src/modules/comm.c.18.o
 .debug_frame   0x00000000000002a4      0x1c4 src/modules/helper.c.18.o
