Archive member included because of file (symbol)

/Users/Nate/Library/Application Support/Pebble SDK/SDKs/current/sdk-core/pebble/aplite/lib/libpebble.a(tmpeWFBzLpebble.o)
                              worker_src/main_worker.c.14.o (accel_data_service_unsubscribe)

Discarded input sections

 .text          0x0000000000000000        0x0 /usr/local/Cellar/pebble-toolchain/2.0/arm-cs-tools/bin/../lib/gcc/arm-none-eabi/4.7.2/thumb2/crti.o
 .bss           0x0000000000000000        0x0 /usr/local/Cellar/pebble-toolchain/2.0/arm-cs-tools/bin/../lib/gcc/arm-none-eabi/4.7.2/thumb2/crti.o
 .init          0x0000000000000000        0x4 /usr/local/Cellar/pebble-toolchain/2.0/arm-cs-tools/bin/../lib/gcc/arm-none-eabi/4.7.2/thumb2/crti.o
 .fini          0x0000000000000000        0x4 /usr/local/Cellar/pebble-toolchain/2.0/arm-cs-tools/bin/../lib/gcc/arm-none-eabi/4.7.2/thumb2/crti.o
 .text          0x0000000000000000       0xc8 /usr/local/Cellar/pebble-toolchain/2.0/arm-cs-tools/bin/../lib/gcc/arm-none-eabi/4.7.2/thumb2/crtbegin.o
 .bss           0x0000000000000000       0x1c /usr/local/Cellar/pebble-toolchain/2.0/arm-cs-tools/bin/../lib/gcc/arm-none-eabi/4.7.2/thumb2/crtbegin.o
 .init_array    0x0000000000000000        0x4 /usr/local/Cellar/pebble-toolchain/2.0/arm-cs-tools/bin/../lib/gcc/arm-none-eabi/4.7.2/thumb2/crtbegin.o
 .fini_array    0x0000000000000000        0x4 /usr/local/Cellar/pebble-toolchain/2.0/arm-cs-tools/bin/../lib/gcc/arm-none-eabi/4.7.2/thumb2/crtbegin.o
 .eh_frame      0x0000000000000000        0x0 /usr/local/Cellar/pebble-toolchain/2.0/arm-cs-tools/bin/../lib/gcc/arm-none-eabi/4.7.2/thumb2/crtbegin.o
 .jcr           0x0000000000000000        0x0 /usr/local/Cellar/pebble-toolchain/2.0/arm-cs-tools/bin/../lib/gcc/arm-none-eabi/4.7.2/thumb2/crtbegin.o
 .tm_clone_table
                0x0000000000000000        0x0 /usr/local/Cellar/pebble-toolchain/2.0/arm-cs-tools/bin/../lib/gcc/arm-none-eabi/4.7.2/thumb2/crtbegin.o
 .text          0x0000000000000000        0x0 worker_src/acticlass_learn_alg.c.14.o
 .bss           0x0000000000000000        0x0 worker_src/acticlass_learn_alg.c.14.o
 .text          0x0000000000000000        0x0 worker_src/fourier.c.14.o
 .bss           0x0000000000000000        0x0 worker_src/fourier.c.14.o
 .text          0x0000000000000000        0x0 worker_src/helper_worker.c.14.o
 .bss           0x0000000000000000        0x0 worker_src/helper_worker.c.14.o
 .text.integral_l2
                0x0000000000000000       0x26 worker_src/helper_worker.c.14.o
 .text.read_time_from_array_head
                0x0000000000000000       0x16 worker_src/helper_worker.c.14.o
 .text.today_srt_time_t_today_s
                0x0000000000000000       0x3c worker_src/helper_worker.c.14.o
 .text.today_ms
                0x0000000000000000       0x22 worker_src/helper_worker.c.14.o
 .text.today_s_to_time_t
                0x0000000000000000       0x12 worker_src/helper_worker.c.14.o
 .text.time_t_to_today_s
                0x0000000000000000       0x12 worker_src/helper_worker.c.14.o
 .text.today_s_to_today_m
                0x0000000000000000        0xa worker_src/helper_worker.c.14.o
 .text.today_m_to_today_s
                0x0000000000000000        0x6 worker_src/helper_worker.c.14.o
 .text          0x0000000000000000        0x0 worker_src/main_worker.c.14.o
 .bss           0x0000000000000000        0x0 worker_src/main_worker.c.14.o
 .text          0x0000000000000000        0x0 worker_src/math_fxp.c.14.o
 .bss           0x0000000000000000        0x0 worker_src/math_fxp.c.14.o
 .text          0x0000000000000000        0x0 worker_src/math_stats.c.14.o
 .bss           0x0000000000000000        0x0 worker_src/math_stats.c.14.o
 .text          0x0000000000000000        0x0 worker_src/raw_stats.c.14.o
 .bss           0x0000000000000000        0x0 worker_src/raw_stats.c.14.o
 .text.x100_mean_l1_stat
                0x0000000000000000       0x22 worker_src/raw_stats.c.14.o
 .text.vm_accel_xy
                0x0000000000000000       0x58 worker_src/raw_stats.c.14.o
 .text.score_fft_alg_0pad
                0x0000000000000000       0x8a worker_src/raw_stats.c.14.o
 .text.get_fftmag_0pad
                0x0000000000000000       0x64 worker_src/raw_stats.c.14.o
 .text.score_fftmag_hz_rng_abs
                0x0000000000000000       0x38 worker_src/raw_stats.c.14.o
 .text.score_fftmag_hz_rng_l2
                0x0000000000000000       0x38 worker_src/raw_stats.c.14.o
 .text.filt_hann_win_mean0
                0x0000000000000000       0x50 worker_src/raw_stats.c.14.o
 .text          0x0000000000000000        0x0 worker_src/softfloat_wrapper.c.14.o
 .bss           0x0000000000000000        0x0 worker_src/softfloat_wrapper.c.14.o
 .text          0x0000000000000000        0x0 worker_src/wavelet.c.14.o
 .bss           0x0000000000000000        0x0 worker_src/wavelet.c.14.o
 .text.ordering_switch
                0x0000000000000000       0x36 worker_src/wavelet.c.14.o
 .text.decomp_haar_order
[...]
Memory Configuration

Name             Origin             Length             Attributes
APP              0x0000000000000000 0x0000000000006000 xrw
*default*        0x0000000000000000 0xffffffffffffffff

Linker script and memory map

LOAD /usr/local/Cellar/pebble-toolchain/2.0/arm-cs-tools/bin/../lib/gcc/arm-none-eabi/4.7.2/thumb2/crti.o
LOAD /usr/local/Cellar/pebble-toolchain/2.0/arm-cs-tools/bin/../lib/gcc/arm-none-eabi/4.7.2/thumb2/crtbegin.o
LOAD worker_src/acticlass_learn_alg.c.14.o
LOAD worker_src/fourier.c.14.o
LOAD worker_src/helper_worker.c.14.o
LOAD worker_src/main_worker.c.14.o
LOAD worker_src/math_fxp.c.14.o
LOAD worker_src/math_stats.c.14.o
LOAD worker_src/raw_stats.c.14.o
LOAD worker_src/softfloat_wrapper.c.14.o
LOAD worker_src/wavelet.c.14.o
LOAD aplite/appinfo.auto.c.14.o
LOAD /Users/Nate/Library/Application Support/Pebble SDK/SDKs/current/sdk-core/pebble/aplite/lib/libpebble.a
START GROUP
LOAD /usr/local/Cellar/pebble-toolchain/2.0/arm-cs-tools/bin/../lib/gcc/arm-none-eabi/4.7.2/thumb2/libgcc.a
LOAD /usr/local/Cellar/pebble-toolchain/2.0/arm-cs-tools/bin/../lib/gcc/arm-none-eabi/4.7.2/../../../../arm-none-eabi/lib/thumb2/libc.a
END GROUP
LOAD /usr/local/Cellar/pebble-toolchain/2.0/arm-cs-tools/bin/../lib/gcc/arm-none-eabi/4.7.2/thumb2/crtend.o
LOAD /usr/local/Cellar/pebble-toolchain/2.0/arm-cs-tools/bin/../lib/gcc/arm-none-eabi/4.7.2/thumb2/crtn.o

.header         0x0000000000000000       0x82
 *(.pbl_header)
 .pbl_header    0x0000000000000000       0x82 aplite/appinfo.auto.c.14.o
                0x0000000000000000                __pbl_app_info

.note.gnu.build-id
                0x0000000000000082       0x26
                0x0000000000000082                PROVIDE (BUILD_ID, .)
 *(.note.gnu.build-id)
 *fill*         0x0000000000000082        0x2 
 .note.gnu.build-id
                0x0000000000000084       0x24 linker stubs

.text           0x00000000000000a8      0xe7c
 *(.text)
 .text          0x00000000000000a8       0x14 /Users/Nate/Library/Application Support/Pebble SDK/SDKs/current/sdk-core/pebble/aplite/lib/libpebble.a(tmpeWFBzLpebble.o)
 *(.text.*)
 .text.fft_2radix_real
                0x00000000000000bc      0x20a worker_src/fourier.c.14.o
                0x00000000000000bc                fft_2radix_real
 .text.pow_int  0x00000000000002c6       0x20 worker_src/helper_worker.c.14.o
                0x00000000000002c6                pow_int
 .text.isqrt    0x00000000000002e6       0x2a worker_src/helper_worker.c.14.o
                0x00000000000002e6                isqrt
 .text.integral_abs
                0x0000000000000310       0x2a worker_src/helper_worker.c.14.o
                0x0000000000000310                integral_abs
 .text.get_angle_i
                0x000000000000033a       0x28 worker_src/helper_worker.c.14.o
                0x000000000000033a                get_angle_i
 .text.orient_encode
                0x0000000000000362       0x3e worker_src/helper_worker.c.14.o
                0x0000000000000362                orient_encode
 .text.fft_mag  0x00000000000003a0       0x4a worker_src/helper_worker.c.14.o
                0x00000000000003a0                fft_mag
 .text.write_time_to_array_head
                0x00000000000003ea       0x10 worker_src/helper_worker.c.14.o
                0x00000000000003ea                write_time_to_array_head
 .text.get_config_general
                0x00000000000003fa       0x34 worker_src/helper_worker.c.14.o
                0x00000000000003fa                get_config_general
 .text.get_pinteract_state
                0x000000000000042e       0x38 worker_src/helper_worker.c.14.o
                0x000000000000042e                get_pinteract_state
 .text.get_daily_acti
                0x0000000000000466       0x30 worker_src/helper_worker.c.14.o
                0x0000000000000466                get_daily_acti
 *fill*         0x0000000000000496        0x2 
 .text.epoch_analysis
                0x0000000000000498      0x18c worker_src/main_worker.c.14.o
 .text.accel_data_handler
                0x0000000000000624       0x74 worker_src/main_worker.c.14.o
 .text.worker_bt_service_handler
                0x0000000000000698       0x16 worker_src/main_worker.c.14.o
                0x0000000000000698                worker_bt_service_handler
 *fill*         0x00000000000006ae        0x2 
 .text.tick_summ_datalog_second_hander
                0x00000000000006b0      0x258 worker_src/main_worker.c.14.o
                0x00000000000006b0                tick_summ_datalog_second_hander
 .text.startup.main
                0x0000000000000908       0xa0 worker_src/main_worker.c.14.o
                0x0000000000000908                main
 .text.mean_l1_stat
                0x00000000000009a8       0x1c worker_src/raw_stats.c.14.o
                0x00000000000009a8                mean_l1_stat
 .text.pim_filt
                0x00000000000009c4       0x2a worker_src/raw_stats.c.14.o
                0x00000000000009c4                pim_filt
 .text.calc_scaled_vmc
                0x00000000000009ee       0x40 worker_src/raw_stats.c.14.o
                0x00000000000009ee                calc_scaled_vmc
 .text.calc_real_vmc
                0x0000000000000a2e       0x16 worker_src/raw_stats.c.14.o
                0x0000000000000a2e                calc_real_vmc
 .text.compressed_vmc
                0x0000000000000a44        0xe worker_src/raw_stats.c.14.o
                0x0000000000000a44                compressed_vmc
 .text.calc_real_c
                0x0000000000000a52       0x10 worker_src/raw_stats.c.14.o
                0x0000000000000a52                calc_real_c
 *fill*         0x0000000000000a62        0x2 
 .text.calc_x1000_kcal
                0x0000000000000a64       0xf0 worker_src/raw_stats.c.14.o
                0x0000000000000a64                calc_x1000_kcal
 .text.compressed_x1000_kcal
                0x0000000000000b54       0x1e worker_src/raw_stats.c.14.o
                0x0000000000000b54                compressed_x1000_kcal
 .text.compressed_stepc
                0x0000000000000b72       0x16 worker_src/raw_stats.c.14.o
                0x0000000000000b72                compressed_stepc
 .text.vm_accel
                0x0000000000000b88       0x60 worker_src/raw_stats.c.14.o
                0x0000000000000b88                vm_accel
 .text.get_fftmag_0pad_mean0
                0x0000000000000be8       0x7e worker_src/raw_stats.c.14.o
                0x0000000000000be8                get_fftmag_0pad_mean0
 .text.score_fftmag_max_hz_harm
                0x0000000000000c66       0x76 worker_src/raw_stats.c.14.o
                0x0000000000000c66                score_fftmag_max_hz_harm
 .text.filt_cosine_win_mean0
                0x0000000000000cdc       0x4a worker_src/raw_stats.c.14.o
                0x0000000000000cdc                filt_cosine_win_mean0
 .text.max_mag_hz_0pad
                0x0000000000000d26       0x2e worker_src/raw_stats.c.14.o
                0x0000000000000d26                max_mag_hz_0pad
 .text.calc_stepc_5sec
                0x0000000000000d54       0xe0 worker_src/raw_stats.c.14.o
                0x0000000000000d54                calc_stepc_5sec
 .text.accel_data_service_unsubscribe
                0x0000000000000e34        0xc /Users/Nate/Library/Application Support/Pebble SDK/SDKs/current/sdk-core/pebble/aplite/lib/libpebble.a(tmpeWFBzLpebble.o)
                0x0000000000000e34                accel_data_service_unsubscribe
 .text.accel_service_set_sampling_rate
                0x0000000000000e40        0xc /Users/Nate/Library/Application Support/Pebble SDK/SDKs/current/sdk-core/pebble/aplite/lib/libpebble.a(tmpeWFBzLpebble.o)
                0x0000000000000e40                accel_service_set_sampling_rate
 .text.atan2_lookup
                0x0000000000000e4c        0xc /Users/Nate/Library/Application Support/Pebble SDK/SDKs/current/sdk-core/pebble/aplite/lib/libpebble.a(tmpeWFBzLpebble.o)
                0x0000000000000e4c                atan2_lookup
 .text.bluetooth_connection_service_peek
                0x0000000000000e58        0xc /Users/Nate/Library/Application Support/Pebble SDK/SDKs/current/sdk-core/pebble/aplite/lib/libpebble.a(tmpeWFBzLpebble.o)
                0x0000000000000e58                bluetooth_connection_service_peek
 .text.bluetooth_connection_service_subscribe
                0x0000000000000e64        0xc /Users/Nate/Library/Application Support/Pebble SDK/SDKs/current/sdk-core/pebble/aplite/lib/libpebble.a(tmpeWFBzLpebble.o)
                0x0000000000000e64                bluetooth_connection_service_subscribe
 .text.cos_lookup
                0x0000000000000e70        0xc /Users/Nate/Library/Application Support/Pebble SDK/SDKs/current/sdk-core/pebble/aplite/lib/libpebble.a(tmpeWFBzLpebble.o)
                0x0000000000000e70                cos_lookup
 .text.free     0x0000000000000e7c        0xc /Users/Nate/Library/Application Support/Pebble SDK/SDKs/current/sdk-core/pebble/aplite/lib/libpebble.a(tmpeWFBzLpebble.o)
                0x0000000000000e7c                free
 .text.memset   0x0000000000000e88        0xc /Users/Nate/Library/Application Support/Pebble SDK/SDKs/current/sdk-core/pebble/aplite/lib/libpebble.a(tmpeWFBzLpebble.o)
                0x0000000000000e88                memset
 .text.persist_read_int
                0x0000000000000e94        0xc /Users/Nate/Library/Application Support/Pebble SDK/SDKs/current/sdk-core/pebble/aplite/lib/libpebble.a(tmpeWFBzLpebble.o)
                0x0000000000000e94                persist_read_int
 .text.persist_write_int
                0x0000000000000ea0        0xc /Users/Nate/Library/Application Support/Pebble SDK/SDKs/current/sdk-core/pebble/aplite/lib/libpebble.a(tmpeWFBzLpebble.o)
                0x0000000000000ea0                persist_write_int
 .text.sin_lookup
                0x0000000000000eac        0xc /Users/Nate/Library/Application Support/Pebble SDK/SDKs/current/sdk-core/pebble/aplite/lib/libpebble.a(tmpeWFBzLpebble.o)
                0x0000000000000eac                sin_lookup
 .text.tick_timer_service_subscribe
                0x0000000000000eb8        0xc /Users/Nate/Library/Application Support/Pebble SDK/SDKs/current/sdk-core/pebble/aplite/lib/libpebble.a(tmpeWFBzLpebble.o)
                0x0000000000000eb8                tick_timer_service_subscribe
 .text.tick_timer_service_unsubscribe
                0x0000000000000ec4        0xc /Users/Nate/Library/Application Support/Pebble SDK/SDKs/current/sdk-core/pebble/aplite/lib/libpebble.a(tmpeWFBzLpebble.o)
                0x0000000000000ec4                tick_timer_service_unsubscribe
 .text.persist_read_data
                0x0000000000000ed0        0xc /Users/Nate/Library/Application Support/Pebble SDK/SDKs/current/sdk-core/pebble/aplite/lib/libpebble.a(tmpeWFBzLpebble.o)
                0x0000000000000ed0                persist_read_data
 .text.persist_write_data
                0x0000000000000edc        0xc /Users/Nate/Library/Application Support/Pebble SDK/SDKs/current/sdk-core/pebble/aplite/lib/libpebble.a(tmpeWFBzLpebble.o)
                0x0000000000000edc                persist_write_data
 .text.accel_data_service_subscribe
                0x0000000000000ee8        0xc /Users/Nate/Library/Application Support/Pebble SDK/SDKs/current/sdk-core/pebble/aplite/lib/libpebble.a(tmpeWFBzLpebble.o)
                0x0000000000000ee8                accel_data_service_subscribe
 .text.calloc   0x0000000000000ef4        0xc /Users/Nate/Library/Application Support/Pebble SDK/SDKs/current/sdk-core/pebble/aplite/lib/libpebble.a(tmpeWFBzLpebble.o)
                0x0000000000000ef4                calloc
 .text.worker_event_loop
                0x0000000000000f00        0xc /Users/Nate/Library/Application Support/Pebble SDK/SDKs/current/sdk-core/pebble/aplite/lib/libpebble.a(tmpeWFBzLpebble.o)
                0x0000000000000f00                worker_event_loop
 .text.worker_launch_app
                0x0000000000000f0c        0xc /Users/Nate/Library/Application Support/Pebble SDK/SDKs/current/sdk-core/pebble/aplite/lib/libpebble.a(tmpeWFBzLpebble.o)
                0x0000000000000f0c                worker_launch_app
 .text.time     0x0000000000000f18        0xc /Users/Nate/Library/Application Support/Pebble SDK/SDKs/current/sdk-core/pebble/aplite/lib/libpebble.a(tmpeWFBzLpebble.o)
                0x0000000000000f18                time
 *(.rodata)
 *(.rodata*)

.glue_7         0x0000000000000f24        0x0
 .glue_7        0x0000000000000000        0x0 linker stubs

.glue_7t        0x0000000000000f24        0x0
 .glue_7t       0x0000000000000000        0x0 linker stubs

.vfp11_veneer   0x0000000000000f24        0x0
 .vfp11_veneer  0x0000000000000000        0x0 linker stubs

.v4_bx          0x0000000000000f24        0x0
 .v4_bx         0x0000000000000000        0x0 linker stubs

.iplt           0x0000000000000f24        0x0
 .iplt          0x0000000000000000        0x0 /usr/local/Cellar/pebble-toolchain/2.0/arm-cs-tools/bin/../lib/gcc/arm-none-eabi/4.7.2/thumb2/crtbegin.o

.rel.dyn        0x0000000000000f24        0x0
 .rel.iplt      0x0000000000000000        0x0 /usr/local/Cellar/pebble-toolchain/2.0/arm-cs-tools/bin/../lib/gcc/arm-none-eabi/4.7.2/thumb2/crtbegin.o

.data           0x0000000000000f24        0x4
 *(.data)
 .data          0x0000000000000f24        0x0 /usr/local/Cellar/pebble-toolchain/2.0/arm-cs-tools/bin/../lib/gcc/arm-none-eabi/4.7.2/thumb2/crti.o
 .data          0x0000000000000f24        0x4 /usr/local/Cellar/pebble-toolchain/2.0/arm-cs-tools/bin/../lib/gcc/arm-none-eabi/4.7.2/thumb2/crtbegin.o
                0x0000000000000f24                __dso_handle
 .data          0x0000000000000f28        0x0 worker_src/acticlass_learn_alg.c.14.o
 .data          0x0000000000000f28        0x0 worker_src/fourier.c.14.o
 .data          0x0000000000000f28        0x0 worker_src/helper_worker.c.14.o
 .data          0x0000000000000f28        0x0 worker_src/main_worker.c.14.o
 .data          0x0000000000000f28        0x0 worker_src/math_fxp.c.14.o
 .data          0x0000000000000f28        0x0 worker_src/math_stats.c.14.o
 .data          0x0000000000000f28        0x0 worker_src/raw_stats.c.14.o
 .data          0x0000000000000f28        0x0 worker_src/softfloat_wrapper.c.14.o
 .data          0x0000000000000f28        0x0 worker_src/wavelet.c.14.o
 .data          0x0000000000000f28        0x0 aplite/appinfo.auto.c.14.o
 .data          0x0000000000000f28        0x0 /Users/Nate/Library/Application Support/Pebble SDK/SDKs/current/sdk-core/pebble/aplite/lib/libpebble.a(tmpeWFBzLpebble.o)
 .data          0x0000000000000f28        0x0 /usr/local/Cellar/pebble-toolchain/2.0/arm-cs-tools/bin/../lib/gcc/arm-none-eabi/4.7.2/thumb2/crtend.o
 .data          0x0000000000000f28        0x0 /usr/local/Cellar/pebble-toolchain/2.0/arm-cs-tools/bin/../lib/gcc/arm-none-eabi/4.7.2/thumb2/crtn.o
 *(.data.*)

.igot.plt       0x0000000000000f28        0x0
 .igot.plt      0x0000000000000000        0x0 /usr/local/Cellar/pebble-toolchain/2.0/arm-cs-tools/bin/../lib/gcc/arm-none-eabi/4.7.2/thumb2/crtbegin.o

.bss            0x0000000000000f28       0x50
 *(.bss)
 *(.bss.*)
 .bss.pt_ary    0x0000000000000f28        0xc worker_src/main_worker.c.14.o
 .bss.i_summ_blk.5971
                0x0000000000000f34        0x2 worker_src/main_worker.c.14.o
 *fill*         0x0000000000000f36        0x2 
 .bss.work_ary  0x0000000000000f38        0x4 worker_src/main_worker.c.14.o
 .bss.summ_since_trans_server
                0x0000000000000f3c        0x2 worker_src/main_worker.c.14.o
 *fill*         0x0000000000000f3e        0x2 
 .bss.stepc_prev_5sec
                0x0000000000000f40        0x4 worker_src/main_worker.c.14.o
 .bss.x1000_kcal_blk
                0x0000000000000f44        0x4 worker_src/main_worker.c.14.o
 .bss.stepc_prev_10sec
                0x0000000000000f48        0x4 worker_src/main_worker.c.14.o
 .bss.mean_ary  0x0000000000000f4c        0x6 worker_src/main_worker.c.14.o
 *fill*         0x0000000000000f52        0x2 
 .bss.pim_ary   0x0000000000000f54        0xc worker_src/main_worker.c.14.o
 .bss.stepc     0x0000000000000f60        0x4 worker_src/main_worker.c.14.o
 .bss.i_smp     0x0000000000000f64        0x2 worker_src/main_worker.c.14.o
 *fill*         0x0000000000000f66        0x2 
 .bss.blk_buf   0x0000000000000f68        0x4 worker_src/main_worker.c.14.o
 .bss.max_mag_hz_ary.6119
                0x0000000000000f6c        0x4 worker_src/raw_stats.c.14.o
 .bss.score_ary.6116
                0x0000000000000f70        0x4 worker_src/raw_stats.c.14.o
 .bss.vmc_ary.6118
                0x0000000000000f74        0x4 worker_src/raw_stats.c.14.o

DISCARD
 libc.a(*)
 libm.a(*)
 libgcc.a(*)
 *(.eh_frame)
OUTPUT(/Users/Nate/Documents/pk-priv/pebblewatch-pub/build/aplite/pebble-worker.elf elf32-littlearm)

.ARM.attributes
                0x0000000000000000       0x27
 .ARM.attributes
                0x0000000000000000       0x19 /usr/local/Cellar/pebble-toolchain/2.0/arm-cs-tools/bin/../lib/gcc/arm-none-eabi/4.7.2/thumb2/crti.o
 .ARM.attributes
                0x0000000000000019       0x29 /usr/local/Cellar/pebble-toolchain/2.0/arm-cs-tools/bin/../lib/gcc/arm-none-eabi/4.7.2/thumb2/crtbegin.o
 .ARM.attributes
                0x0000000000000042       0x33 worker_src/acticlass_learn_alg.c.14.o
 .ARM.attributes
                0x0000000000000075       0x33 worker_src/fourier.c.14.o
 .ARM.attributes
                0x00000000000000a8       0x33 worker_src/helper_worker.c.14.o
 .ARM.attributes
                0x00000000000000db       0x33 worker_src/main_worker.c.14.o
 .ARM.attributes
                0x000000000000010e       0x33 worker_src/math_fxp.c.14.o
 .ARM.attributes
                0x0000000000000141       0x33 worker_src/math_stats.c.14.o
 .ARM.attributes
                0x0000000000000174       0x33 worker_src/raw_stats.c.14.o
 .ARM.attributes
                0x00000000000001a7       0x33 worker_src/softfloat_wrapper.c.14.o
 .ARM.attributes
                0x00000000000001da       0x33 worker_src/wavelet.c.14.o
 .ARM.attributes
                0x000000000000020d       0x33 aplite/appinfo.auto.c.14.o
 .ARM.attributes
                0x0000000000000240       0x21 /Users/Nate/Library/Application Support/Pebble SDK/SDKs/current/sdk-core/pebble/aplite/lib/libpebble.a(tmpeWFBzLpebble.o)
 .ARM.attributes
                0x0000000000000261       0x29 /usr/local/Cellar/pebble-toolchain/2.0/arm-cs-tools/bin/../lib/gcc/arm-none-eabi/4.7.2/thumb2/crtend.o
 .ARM.attributes
                0x000000000000028a       0x19 /usr/local/Cellar/pebble-toolchain/2.0/arm-cs-tools/bin/../lib/gcc/arm-none-eabi/4.7.2/thumb2/crtn.o

.comment        0x0000000000000000       0x4e
 .comment       0x0000000000000000       0x4e /usr/local/Cellar/pebble-toolchain/2.0/arm-cs-tools/bin/../lib/gcc/arm-none-eabi/4.7.2/thumb2/crtbegin.o
                                         0x4f (size before relaxing)
 .comment       0x0000000000000000       0x4f worker_src/acticlass_learn_alg.c.14.o
 .comment       0x0000000000000000       0x4f worker_src/fourier.c.14.o
 .comment       0x0000000000000000       0x4f worker_src/helper_worker.c.14.o
 .comment       0x0000000000000000       0x4f worker_src/main_worker.c.14.o
 .comment       0x0000000000000000       0x4f worker_src/math_fxp.c.14.o
 .comment       0x0000000000000000       0x4f worker_src/math_stats.c.14.o
 .comment       0x0000000000000000       0x4f worker_src/raw_stats.c.14.o
 .comment       0x0000000000000000       0x4f worker_src/softfloat_wrapper.c.14.o
 .comment       0x0000000000000000       0x4f worker_src/wavelet.c.14.o
 .comment       0x0000000000000000       0x4f aplite/appinfo.auto.c.14.o
 .comment       0x0000000000000000       0x4f /usr/local/Cellar/pebble-toolchain/2.0/arm-cs-tools/bin/../lib/gcc/arm-none-eabi/4.7.2/thumb2/crtend.o

.debug_line     0x0000000000000000     0x1462
 .debug_line    0x0000000000000000        0x0 worker_src/acticlass_learn_alg.c.14.o
 .debug_line    0x0000000000000000      0x2fe worker_src/fourier.c.14.o
 .debug_line    0x00000000000002fe      0x412 worker_src/helper_worker.c.14.o
 .debug_line    0x0000000000000710      0x418 worker_src/main_worker.c.14.o
 .debug_line    0x0000000000000b28        0x0 worker_src/math_fxp.c.14.o
 .debug_line    0x0000000000000b28        0x0 worker_src/math_stats.c.14.o
 .debug_line    0x0000000000000b28      0x5b2 worker_src/raw_stats.c.14.o
 .debug_line    0x00000000000010da        0x0 worker_src/softfloat_wrapper.c.14.o
 .debug_line    0x00000000000010da      0x233 worker_src/wavelet.c.14.o
 .debug_line    0x000000000000130d      0x155 aplite/appinfo.auto.c.14.o

.debug_info     0x0000000000000000     0x3ddc
 .debug_info    0x0000000000000000      0x3e6 worker_src/fourier.c.14.o
 .debug_info    0x00000000000003e6      0xb11 worker_src/helper_worker.c.14.o
 .debug_info    0x0000000000000ef7     0x12d7 worker_src/main_worker.c.14.o
 .debug_info    0x00000000000021ce     0x1289 worker_src/raw_stats.c.14.o
 .debug_info    0x0000000000003457      0x63c worker_src/wavelet.c.14.o
 .debug_info    0x0000000000003a93      0x349 aplite/appinfo.auto.c.14.o

.debug_abbrev   0x0000000000000000      0xc3b
 .debug_abbrev  0x0000000000000000      0x147 worker_src/fourier.c.14.o
 .debug_abbrev  0x0000000000000147      0x251 worker_src/helper_worker.c.14.o
 .debug_abbrev  0x0000000000000398      0x3c9 worker_src/main_worker.c.14.o
 .debug_abbrev  0x0000000000000761      0x2b5 worker_src/raw_stats.c.14.o
 .debug_abbrev  0x0000000000000a16      0x187 worker_src/wavelet.c.14.o
 .debug_abbrev  0x0000000000000b9d       0x9e aplite/appinfo.auto.c.14.o

.debug_loc      0x0000000000000000     0x22fd
 .debug_loc     0x0000000000000000      0x321 worker_src/fourier.c.14.o
 .debug_loc     0x0000000000000321      0x6c4 worker_src/helper_worker.c.14.o
 .debug_loc     0x00000000000009e5      0x38c worker_src/main_worker.c.14.o
 .debug_loc     0x0000000000000d71     0x112b worker_src/raw_stats.c.14.o
 .debug_loc     0x0000000000001e9c      0x461 worker_src/wavelet.c.14.o

.debug_aranges  0x0000000000000000      0x230
 .debug_aranges
                0x0000000000000000       0x20 worker_src/fourier.c.14.o
 .debug_aranges
                0x0000000000000020       0xa8 worker_src/helper_worker.c.14.o
 .debug_aranges
                0x00000000000000c8       0x40 worker_src/main_worker.c.14.o
 .debug_aranges
                0x0000000000000108       0xc8 worker_src/raw_stats.c.14.o
 .debug_aranges
                0x00000000000001d0       0x48 worker_src/wavelet.c.14.o
 .debug_aranges
                0x0000000000000218       0x18 aplite/appinfo.auto.c.14.o

.debug_ranges   0x0000000000000000      0x530
 .debug_ranges  0x0000000000000000       0x68 worker_src/fourier.c.14.o
 .debug_ranges  0x0000000000000068       0xe0 worker_src/helper_worker.c.14.o
 .debug_ranges  0x0000000000000148      0x1c0 worker_src/main_worker.c.14.o
 .debug_ranges  0x0000000000000308      0x190 worker_src/raw_stats.c.14.o
 .debug_ranges  0x0000000000000498       0x98 worker_src/wavelet.c.14.o

.debug_str      0x0000000000000000     0x12ea
 .debug_str     0x0000000000000000      0x31b worker_src/fourier.c.14.o
                                        0x364 (size before relaxing)
 .debug_str     0x000000000000031b      0x313 worker_src/helper_worker.c.14.o
                                        0x694 (size before relaxing)
 .debug_str     0x000000000000062e      0x68a worker_src/main_worker.c.14.o
                                        0xae6 (size before relaxing)
 .debug_str     0x0000000000000cb8      0x219 worker_src/raw_stats.c.14.o
                                        0x777 (size before relaxing)
 .debug_str     0x0000000000000ed1      0x106 worker_src/wavelet.c.14.o
                                        0x43a (size before relaxing)
 .debug_str     0x0000000000000fd7      0x313 aplite/appinfo.auto.c.14.o
                                        0x406 (size before relaxing)

.debug_frame    0x0000000000000000      0x654
 .debug_frame   0x0000000000000000       0x38 worker_src/fourier.c.14.o
 .debug_frame   0x0000000000000038      0x1dc worker_src/helper_worker.c.14.o
 .debug_frame   0x0000000000000214       0xb0 worker_src/main_worker.c.14.o
 .debug_frame   0x00000000000002c4      0x2bc worker_src/raw_stats.c.14.o
 .debug_frame   0x0000000000000580       0xd4 worker_src/wavelet.c.14.o
